2026-06-17T10:01:14 | INFO     | s1.build | [START] Docling pipeline | 1 workers | GPUs [0]
2026-06-17T11:11:17 | INFO     | s1.build | [START] Docling pipeline | 1 workers | GPUs [0]
2026-06-17T11:11:39 | INFO     | s1.build | [OK] #0 Cognitive Psychology A Student’s Handbook.pdf (chunk 0) | 2,703 tokens | cumulative 2,703
2026-06-17T11:11:46 | INFO     | s1.build | [OK] #1 Cognitive Psychology A Student’s Handbook.pdf (chunk 1) | 4,466 tokens | cumulative 7,169
2026-06-17T11:11:54 | INFO     | s1.build | [OK] #2 Cognitive Psychology A Student’s Handbook.pdf (chunk 2) | 6,236 tokens | cumulative 13,405
2026-06-17T11:12:01 | INFO     | s1.build | [OK] #3 Cognitive Psychology A Student’s Handbook.pdf (chunk 3) | 7,562 tokens | cumulative 20,967
2026-06-17T11:12:09 | INFO     | s1.build | [OK] #4 Cognitive Psychology A Student’s Handbook.pdf (chunk 4) | 7,159 tokens | cumulative 28,126
2026-06-17T11:12:16 | INFO     | s1.build | [OK] #5 Cognitive Psychology A Student’s Handbook.pdf (chunk 5) | 4,751 tokens | cumulative 32,877
2026-06-17T11:12:24 | INFO     | s1.build | [OK] #6 Cognitive Psychology A Student’s Handbook.pdf (chunk 6) | 5,426 tokens | cumulative 38,303
2026-06-17T11:12:32 | INFO     | s1.build | [OK] #7 Cognitive Psychology A Student’s Handbook.pdf (chunk 7) | 7,603 tokens | cumulative 45,906
2026-06-17T11:12:40 | INFO     | s1.build | [OK] #8 Cognitive Psychology A Student’s Handbook.pdf (chunk 8) | 6,727 tokens | cumulative 52,633
2026-06-17T11:12:49 | INFO     | s1.build | [OK] #9 Cognitive Psychology A Student’s Handbook.pdf (chunk 9) | 8,585 tokens | cumulative 61,218
2026-06-17T11:12:56 | INFO     | s1.build | [OK] #10 Cognitive Psychology A Student’s Handbook.pdf (chunk 10) | 8,119 tokens | cumulative 69,337
2026-06-17T11:13:05 | INFO     | s1.build | [OK] #11 Cognitive Psychology A Student’s Handbook.pdf (chunk 11) | 7,182 tokens | cumulative 76,519
2026-06-17T11:13:13 | INFO     | s1.build | [OK] #12 Cognitive Psychology A Student’s Handbook.pdf (chunk 12) | 7,751 tokens | cumulative 84,270
2026-06-17T11:13:22 | INFO     | s1.build | [OK] #13 Cognitive Psychology A Student’s Handbook.pdf (chunk 13) | 8,026 tokens | cumulative 92,296
2026-06-17T11:13:29 | INFO     | s1.build | [OK] #14 Cognitive Psychology A Student’s Handbook.pdf (chunk 14) | 6,976 tokens | cumulative 99,272
2026-06-17T11:13:37 | INFO     | s1.build | [OK] #15 Cognitive Psychology A Student’s Handbook.pdf (chunk 15) | 7,088 tokens | cumulative 106,360
2026-06-17T11:13:45 | INFO     | s1.build | [OK] #16 Cognitive Psychology A Student’s Handbook.pdf (chunk 16) | 7,135 tokens | cumulative 113,495
2026-06-17T11:13:53 | INFO     | s1.build | [OK] #17 Cognitive Psychology A Student’s Handbook.pdf (chunk 17) | 8,655 tokens | cumulative 122,150
2026-06-17T11:14:02 | INFO     | s1.build | [OK] #18 Cognitive Psychology A Student’s Handbook.pdf (chunk 18) | 6,902 tokens | cumulative 129,052
2026-06-17T11:14:11 | INFO     | s1.build | [OK] #19 Cognitive Psychology A Student’s Handbook.pdf (chunk 19) | 8,159 tokens | cumulative 137,211
2026-06-17T11:14:19 | INFO     | s1.build | [OK] #20 Cognitive Psychology A Student’s Handbook.pdf (chunk 20) | 7,162 tokens | cumulative 144,373
2026-06-17T11:14:27 | INFO     | s1.build | [OK] #21 Cognitive Psychology A Student’s Handbook.pdf (chunk 21) | 5,857 tokens | cumulative 150,230
2026-06-17T11:14:34 | INFO     | s1.build | [OK] #22 Cognitive Psychology A Student’s Handbook.pdf (chunk 22) | 7,253 tokens | cumulative 157,483
2026-06-17T11:14:43 | INFO     | s1.build | [OK] #23 Cognitive Psychology A Student’s Handbook.pdf (chunk 23) | 7,845 tokens | cumulative 165,328
2026-06-17T11:14:50 | INFO     | s1.build | [OK] #24 Cognitive Psychology A Student’s Handbook.pdf (chunk 24) | 5,007 tokens | cumulative 170,335
2026-06-17T11:14:59 | INFO     | s1.build | [OK] #25 Cognitive Psychology A Student’s Handbook.pdf (chunk 25) | 7,949 tokens | cumulative 178,284
2026-06-17T11:15:07 | INFO     | s1.build | [OK] #26 Cognitive Psychology A Student’s Handbook.pdf (chunk 26) | 10,126 tokens | cumulative 188,410
2026-06-17T11:15:16 | INFO     | s1.build | [OK] #27 Cognitive Psychology A Student’s Handbook.pdf (chunk 27) | 8,725 tokens | cumulative 197,135
2026-06-17T11:15:24 | INFO     | s1.build | [OK] #28 Cognitive Psychology A Student’s Handbook.pdf (chunk 28) | 7,450 tokens | cumulative 204,585
2026-06-17T11:15:32 | INFO     | s1.build | [OK] #29 Cognitive Psychology A Student’s Handbook.pdf (chunk 29) | 6,721 tokens | cumulative 211,306
2026-06-17T11:15:40 | INFO     | s1.build | [OK] #30 Cognitive Psychology A Student’s Handbook.pdf (chunk 30) | 6,568 tokens | cumulative 217,874
2026-06-17T11:15:48 | INFO     | s1.build | [OK] #31 Cognitive Psychology A Student’s Handbook.pdf (chunk 31) | 7,405 tokens | cumulative 225,279
2026-06-17T11:15:56 | INFO     | s1.build | [OK] #32 Cognitive Psychology A Student’s Handbook.pdf (chunk 32) | 6,492 tokens | cumulative 231,771
2026-06-17T11:16:05 | INFO     | s1.build | [OK] #33 Cognitive Psychology A Student’s Handbook.pdf (chunk 33) | 8,301 tokens | cumulative 240,072
2026-06-17T11:16:13 | INFO     | s1.build | [OK] #34 Cognitive Psychology A Student’s Handbook.pdf (chunk 34) | 7,844 tokens | cumulative 247,916
2026-06-17T11:16:21 | INFO     | s1.build | [OK] #35 Cognitive Psychology A Student’s Handbook.pdf (chunk 35) | 9,097 tokens | cumulative 257,013
2026-06-17T11:16:30 | INFO     | s1.build | [OK] #36 Cognitive Psychology A Student’s Handbook.pdf (chunk 36) | 7,233 tokens | cumulative 264,246
2026-06-17T11:16:38 | INFO     | s1.build | [OK] #37 Cognitive Psychology A Student’s Handbook.pdf (chunk 37) | 8,340 tokens | cumulative 272,586
2026-06-17T11:16:46 | INFO     | s1.build | [OK] #38 Cognitive Psychology A Student’s Handbook.pdf (chunk 38) | 8,031 tokens | cumulative 280,617
2026-06-17T11:16:55 | INFO     | s1.build | [OK] #39 Cognitive Psychology A Student’s Handbook.pdf (chunk 39) | 6,721 tokens | cumulative 287,338
2026-06-17T11:17:03 | INFO     | s1.build | [OK] #40 Cognitive Psychology A Student’s Handbook.pdf (chunk 40) | 8,187 tokens | cumulative 295,525
2026-06-17T11:17:11 | INFO     | s1.build | [OK] #41 Cognitive Psychology A Student’s Handbook.pdf (chunk 41) | 7,759 tokens | cumulative 303,284
2026-06-17T11:17:19 | INFO     | s1.build | [OK] #42 Cognitive Psychology A Student’s Handbook.pdf (chunk 42) | 9,270 tokens | cumulative 312,554
2026-06-17T11:17:27 | INFO     | s1.build | [OK] #43 Cognitive Psychology A Student’s Handbook.pdf (chunk 43) | 7,337 tokens | cumulative 319,891
2026-06-17T11:17:36 | INFO     | s1.build | [OK] #44 Cognitive Psychology A Student’s Handbook.pdf (chunk 44) | 8,295 tokens | cumulative 328,186
2026-06-17T11:17:43 | INFO     | s1.build | [OK] #45 Cognitive Psychology A Student’s Handbook.pdf (chunk 45) | 8,370 tokens | cumulative 336,556
2026-06-17T11:17:51 | INFO     | s1.build | [OK] #46 Cognitive Psychology A Student’s Handbook.pdf (chunk 46) | 5,040 tokens | cumulative 341,596
2026-06-17T11:17:59 | INFO     | s1.build | [OK] #47 Cognitive Psychology A Student’s Handbook.pdf (chunk 47) | 5,075 tokens | cumulative 346,671
2026-06-17T11:18:07 | INFO     | s1.build | [OK] #48 Cognitive Psychology A Student’s Handbook.pdf (chunk 48) | 7,445 tokens | cumulative 354,116
2026-06-17T11:18:16 | INFO     | s1.build | [OK] #49 Cognitive Psychology A Student’s Handbook.pdf (chunk 49) | 6,756 tokens | cumulative 360,872
2026-06-17T11:18:25 | INFO     | s1.build | [OK] #50 Cognitive Psychology A Student’s Handbook.pdf (chunk 50) | 8,241 tokens | cumulative 369,113
2026-06-17T11:18:35 | INFO     | s1.build | [OK] #51 Cognitive Psychology A Student’s Handbook.pdf (chunk 51) | 10,241 tokens | cumulative 379,354
2026-06-17T11:18:43 | INFO     | s1.build | [OK] #52 Cognitive Psychology A Student’s Handbook.pdf (chunk 52) | 7,973 tokens | cumulative 387,327
2026-06-17T11:18:52 | INFO     | s1.build | [OK] #53 Cognitive Psychology A Student’s Handbook.pdf (chunk 53) | 8,403 tokens | cumulative 395,730
2026-06-17T11:19:00 | INFO     | s1.build | [OK] #54 Cognitive Psychology A Student’s Handbook.pdf (chunk 54) | 7,784 tokens | cumulative 403,514
2026-06-17T11:19:08 | INFO     | s1.build | [OK] #55 Cognitive Psychology A Student’s Handbook.pdf (chunk 55) | 7,028 tokens | cumulative 410,542
2026-06-17T11:19:29 | INFO     | s1.build | [OK] #56 The Recursive Mind.pdf (chunk 0) | 1,616 tokens | cumulative 412,158
2026-06-17T11:19:36 | INFO     | s1.build | [OK] #57 The Recursive Mind.pdf (chunk 1) | 2,707 tokens | cumulative 414,865
2026-06-17T11:19:43 | INFO     | s1.build | [OK] #58 The Recursive Mind.pdf (chunk 2) | 3,959 tokens | cumulative 418,824
2026-06-17T11:19:50 | INFO     | s1.build | [OK] #59 The Recursive Mind.pdf (chunk 3) | 3,454 tokens | cumulative 422,278
2026-06-17T11:19:57 | INFO     | s1.build | [OK] #60 The Recursive Mind.pdf (chunk 4) | 4,248 tokens | cumulative 426,526
2026-06-17T11:20:03 | INFO     | s1.build | [OK] #61 The Recursive Mind.pdf (chunk 5) | 4,377 tokens | cumulative 430,903
2026-06-17T11:22:18 | INFO     | s1.build | [START] Docling pipeline | 1 workers | GPUs [0]
2026-06-17T11:26:02 | INFO     | s1.build | [START] Docling pipeline | 1 workers | GPUs [0]
2026-06-17T11:26:35 | INFO     | s1.build | [START] Docling pipeline | 1 workers | GPUs [0]
2026-06-17T11:26:55 | INFO     | s1.build | [OK] #0 Cognitive Psychology A Student’s Handbook.pdf (chunk 0) | 2,703 tokens | cumulative 2,703
2026-06-17T11:27:02 | INFO     | s1.build | [OK] #1 Cognitive Psychology A Student’s Handbook.pdf (chunk 1) | 4,466 tokens | cumulative 7,169
2026-06-17T11:27:10 | INFO     | s1.build | [OK] #2 Cognitive Psychology A Student’s Handbook.pdf (chunk 2) | 6,236 tokens | cumulative 13,405
2026-06-17T11:27:18 | INFO     | s1.build | [OK] #3 Cognitive Psychology A Student’s Handbook.pdf (chunk 3) | 7,562 tokens | cumulative 20,967
2026-06-17T11:27:25 | INFO     | s1.build | [OK] #4 Cognitive Psychology A Student’s Handbook.pdf (chunk 4) | 7,159 tokens | cumulative 28,126
2026-06-17T11:27:33 | INFO     | s1.build | [OK] #5 Cognitive Psychology A Student’s Handbook.pdf (chunk 5) | 4,751 tokens | cumulative 32,877
2026-06-17T11:27:53 | INFO     | s1.build | [OK] #6 Cognitive Psychology A Student’s Handbook.pdf (chunk 6) | 5,426 tokens | cumulative 38,303
2026-06-17T11:28:13 | INFO     | s1.build | [OK] #7 Cognitive Psychology A Student’s Handbook.pdf (chunk 7) | 7,603 tokens | cumulative 45,906
2026-06-17T11:28:32 | INFO     | s1.build | [OK] #8 Cognitive Psychology A Student’s Handbook.pdf (chunk 8) | 6,727 tokens | cumulative 52,633
2026-06-17T11:28:53 | INFO     | s1.build | [OK] #9 Cognitive Psychology A Student’s Handbook.pdf (chunk 9) | 8,585 tokens | cumulative 61,218
2026-06-17T11:29:12 | INFO     | s1.build | [OK] #10 Cognitive Psychology A Student’s Handbook.pdf (chunk 10) | 8,119 tokens | cumulative 69,337
2026-06-17T11:29:33 | INFO     | s1.build | [OK] #11 Cognitive Psychology A Student’s Handbook.pdf (chunk 11) | 7,182 tokens | cumulative 76,519
2026-06-17T11:29:54 | INFO     | s1.build | [OK] #12 Cognitive Psychology A Student’s Handbook.pdf (chunk 12) | 7,751 tokens | cumulative 84,270
2026-06-17T11:30:15 | INFO     | s1.build | [OK] #13 Cognitive Psychology A Student’s Handbook.pdf (chunk 13) | 8,026 tokens | cumulative 92,296
2026-06-17T11:30:33 | INFO     | s1.build | [OK] #14 Cognitive Psychology A Student’s Handbook.pdf (chunk 14) | 6,976 tokens | cumulative 99,272
2026-06-17T11:30:48 | INFO     | s1.build | [OK] #15 Cognitive Psychology A Student’s Handbook.pdf (chunk 15) | 7,088 tokens | cumulative 106,360
2026-06-17T11:31:07 | INFO     | s1.build | [OK] #16 Cognitive Psychology A Student’s Handbook.pdf (chunk 16) | 7,135 tokens | cumulative 113,495
2026-06-17T11:31:22 | INFO     | s1.build | [OK] #17 Cognitive Psychology A Student’s Handbook.pdf (chunk 17) | 8,655 tokens | cumulative 122,150
2026-06-17T11:31:38 | INFO     | s1.build | [OK] #18 Cognitive Psychology A Student’s Handbook.pdf (chunk 18) | 6,902 tokens | cumulative 129,052
2026-06-17T11:31:58 | INFO     | s1.build | [OK] #19 Cognitive Psychology A Student’s Handbook.pdf (chunk 19) | 8,159 tokens | cumulative 137,211
2026-06-17T11:32:17 | INFO     | s1.build | [OK] #20 Cognitive Psychology A Student’s Handbook.pdf (chunk 20) | 7,162 tokens | cumulative 144,373
2026-06-17T11:32:37 | INFO     | s1.build | [OK] #21 Cognitive Psychology A Student’s Handbook.pdf (chunk 21) | 5,857 tokens | cumulative 150,230
2026-06-17T11:32:55 | INFO     | s1.build | [OK] #22 Cognitive Psychology A Student’s Handbook.pdf (chunk 22) | 7,253 tokens | cumulative 157,483
2026-06-17T11:33:16 | INFO     | s1.build | [OK] #23 Cognitive Psychology A Student’s Handbook.pdf (chunk 23) | 7,845 tokens | cumulative 165,328
2026-06-17T11:33:32 | INFO     | s1.build | [OK] #24 Cognitive Psychology A Student’s Handbook.pdf (chunk 24) | 5,007 tokens | cumulative 170,335
2026-06-17T11:33:44 | INFO     | s1.build | [OK] #25 Cognitive Psychology A Student’s Handbook.pdf (chunk 25) | 7,949 tokens | cumulative 178,284
2026-06-17T11:33:54 | INFO     | s1.build | [OK] #26 Cognitive Psychology A Student’s Handbook.pdf (chunk 26) | 10,126 tokens | cumulative 188,410
2026-06-17T11:34:11 | INFO     | s1.build | [OK] #27 Cognitive Psychology A Student’s Handbook.pdf (chunk 27) | 8,725 tokens | cumulative 197,135
2026-06-17T11:34:30 | INFO     | s1.build | [OK] #28 Cognitive Psychology A Student’s Handbook.pdf (chunk 28) | 7,450 tokens | cumulative 204,585
2026-06-17T11:34:49 | INFO     | s1.build | [OK] #29 Cognitive Psychology A Student’s Handbook.pdf (chunk 29) | 6,721 tokens | cumulative 211,306
2026-06-17T11:35:08 | INFO     | s1.build | [OK] #30 Cognitive Psychology A Student’s Handbook.pdf (chunk 30) | 6,568 tokens | cumulative 217,874
2026-06-17T11:35:27 | INFO     | s1.build | [OK] #31 Cognitive Psychology A Student’s Handbook.pdf (chunk 31) | 7,405 tokens | cumulative 225,279
2026-06-17T11:35:47 | INFO     | s1.build | [OK] #32 Cognitive Psychology A Student’s Handbook.pdf (chunk 32) | 6,492 tokens | cumulative 231,771
2026-06-17T11:36:08 | INFO     | s1.build | [OK] #33 Cognitive Psychology A Student’s Handbook.pdf (chunk 33) | 8,301 tokens | cumulative 240,072
2026-06-17T11:36:27 | INFO     | s1.build | [OK] #34 Cognitive Psychology A Student’s Handbook.pdf (chunk 34) | 7,844 tokens | cumulative 247,916
2026-06-17T11:36:49 | INFO     | s1.build | [OK] #35 Cognitive Psychology A Student’s Handbook.pdf (chunk 35) | 9,097 tokens | cumulative 257,013
2026-06-17T11:37:08 | INFO     | s1.build | [OK] #36 Cognitive Psychology A Student’s Handbook.pdf (chunk 36) | 7,233 tokens | cumulative 264,246
2026-06-17T11:37:28 | INFO     | s1.build | [OK] #37 Cognitive Psychology A Student’s Handbook.pdf (chunk 37) | 8,340 tokens | cumulative 272,586
2026-06-17T11:37:47 | INFO     | s1.build | [OK] #38 Cognitive Psychology A Student’s Handbook.pdf (chunk 38) | 8,031 tokens | cumulative 280,617
2026-06-17T11:38:06 | INFO     | s1.build | [OK] #39 Cognitive Psychology A Student’s Handbook.pdf (chunk 39) | 6,721 tokens | cumulative 287,338
2026-06-17T11:38:26 | INFO     | s1.build | [OK] #40 Cognitive Psychology A Student’s Handbook.pdf (chunk 40) | 8,187 tokens | cumulative 295,525
2026-06-17T11:38:46 | INFO     | s1.build | [OK] #41 Cognitive Psychology A Student’s Handbook.pdf (chunk 41) | 7,759 tokens | cumulative 303,284
2026-06-17T11:39:08 | INFO     | s1.build | [OK] #42 Cognitive Psychology A Student’s Handbook.pdf (chunk 42) | 9,270 tokens | cumulative 312,554
2026-06-17T11:39:27 | INFO     | s1.build | [OK] #43 Cognitive Psychology A Student’s Handbook.pdf (chunk 43) | 7,337 tokens | cumulative 319,891
2026-06-17T11:39:48 | INFO     | s1.build | [OK] #44 Cognitive Psychology A Student’s Handbook.pdf (chunk 44) | 8,295 tokens | cumulative 328,186
2026-06-17T11:40:07 | INFO     | s1.build | [OK] #45 Cognitive Psychology A Student’s Handbook.pdf (chunk 45) | 8,370 tokens | cumulative 336,556
2026-06-17T11:40:26 | INFO     | s1.build | [OK] #46 Cognitive Psychology A Student’s Handbook.pdf (chunk 46) | 5,040 tokens | cumulative 341,596
2026-06-17T11:40:44 | INFO     | s1.build | [OK] #47 Cognitive Psychology A Student’s Handbook.pdf (chunk 47) | 5,075 tokens | cumulative 346,671
2026-06-17T11:41:03 | INFO     | s1.build | [OK] #48 Cognitive Psychology A Student’s Handbook.pdf (chunk 48) | 7,445 tokens | cumulative 354,116
2026-06-17T11:41:21 | INFO     | s1.build | [OK] #49 Cognitive Psychology A Student’s Handbook.pdf (chunk 49) | 6,756 tokens | cumulative 360,872
2026-06-17T11:41:41 | INFO     | s1.build | [OK] #50 Cognitive Psychology A Student’s Handbook.pdf (chunk 50) | 8,241 tokens | cumulative 369,113
2026-06-17T11:42:03 | INFO     | s1.build | [OK] #51 Cognitive Psychology A Student’s Handbook.pdf (chunk 51) | 10,241 tokens | cumulative 379,354
2026-06-17T11:42:23 | INFO     | s1.build | [OK] #52 Cognitive Psychology A Student’s Handbook.pdf (chunk 52) | 7,973 tokens | cumulative 387,327
2026-06-17T11:42:41 | INFO     | s1.build | [OK] #53 Cognitive Psychology A Student’s Handbook.pdf (chunk 53) | 8,403 tokens | cumulative 395,730
2026-06-17T11:43:01 | INFO     | s1.build | [OK] #54 Cognitive Psychology A Student’s Handbook.pdf (chunk 54) | 7,784 tokens | cumulative 403,514
2026-06-17T11:43:20 | INFO     | s1.build | [OK] #55 Cognitive Psychology A Student’s Handbook.pdf (chunk 55) | 7,028 tokens | cumulative 410,542
2026-06-17T11:43:38 | INFO     | s1.build | [OK] #56 Cognitive Psychology A Student’s Handbook.pdf (chunk 56) | 5,888 tokens | cumulative 416,430
2026-06-17T11:43:57 | INFO     | s1.build | [OK] #57 Cognitive Psychology A Student’s Handbook.pdf (chunk 57) | 6,860 tokens | cumulative 423,290
2026-06-17T11:44:16 | INFO     | s1.build | [OK] #58 Cognitive Psychology A Student’s Handbook.pdf (chunk 58) | 6,177 tokens | cumulative 429,467
2026-06-17T11:44:37 | INFO     | s1.build | [OK] #59 Cognitive Psychology A Student’s Handbook.pdf (chunk 59) | 8,350 tokens | cumulative 437,817
2026-06-17T11:44:56 | INFO     | s1.build | [OK] #60 Cognitive Psychology A Student’s Handbook.pdf (chunk 60) | 7,064 tokens | cumulative 444,881
2026-06-17T11:45:14 | INFO     | s1.build | [OK] #61 Cognitive Psychology A Student’s Handbook.pdf (chunk 61) | 7,474 tokens | cumulative 452,355
2026-06-17T11:45:34 | INFO     | s1.build | [OK] #62 Cognitive Psychology A Student’s Handbook.pdf (chunk 62) | 8,439 tokens | cumulative 460,794
2026-06-17T11:45:52 | INFO     | s1.build | [OK] #63 Cognitive Psychology A Student’s Handbook.pdf (chunk 63) | 4,462 tokens | cumulative 465,256
2026-06-17T11:46:10 | INFO     | s1.build | [OK] #64 Cognitive Psychology A Student’s Handbook.pdf (chunk 64) | 7,235 tokens | cumulative 472,491
2026-06-17T11:46:30 | INFO     | s1.build | [OK] #65 Cognitive Psychology A Student’s Handbook.pdf (chunk 65) | 7,824 tokens | cumulative 480,315
2026-06-17T11:48:06 | INFO     | s1.build | [OK] #66 Cognitive Psychology A Student’s Handbook.pdf (chunk 66) | 42,418 tokens | cumulative 522,733
2026-06-17T11:49:33 | INFO     | s1.build | [OK] #67 Cognitive Psychology A Student’s Handbook.pdf (chunk 67) | 44,647 tokens | cumulative 567,380
2026-06-17T11:50:48 | INFO     | s1.build | [OK] #68 Cognitive Psychology A Student’s Handbook.pdf (chunk 68) | 44,215 tokens | cumulative 611,595
2026-06-17T11:51:08 | INFO     | s1.build | [OK] #69 Cognitive Psychology A Student’s Handbook.pdf (chunk 69) | 11,710 tokens | cumulative 623,305
2026-06-17T11:51:25 | INFO     | s1.build | [OK] #70 Cognitive Psychology A Student’s Handbook.pdf (chunk 70) | 9,633 tokens | cumulative 632,938
2026-06-17T11:51:45 | INFO     | s1.build | [OK] #71 Cognitive Psychology A Student’s Handbook.pdf (chunk 71) | 14,615 tokens | cumulative 647,553
2026-06-17T11:51:54 | INFO     | s1.build | [OK] #72 Cognitive Psychology A Student’s Handbook.pdf (chunk 72) | 4,853 tokens | cumulative 652,406
2026-06-17T11:52:10 | INFO     | s1.build | [OK] #73 Mind Introduction to Cognitive Science, 2nd Edition.pdf (chunk 0) | 1,413 tokens | cumulative 653,819
2026-06-17T11:52:27 | INFO     | s1.build | [OK] #74 Mind Introduction to Cognitive Science, 2nd Edition.pdf (chunk 1) | 2,618 tokens | cumulative 656,437
2026-06-17T11:52:43 | INFO     | s1.build | [OK] #75 Mind Introduction to Cognitive Science, 2nd Edition.pdf (chunk 2) | 4,103 tokens | cumulative 660,540
2026-06-17T11:53:00 | INFO     | s1.build | [OK] #76 Mind Introduction to Cognitive Science, 2nd Edition.pdf (chunk 3) | 3,923 tokens | cumulative 664,463
2026-06-17T11:53:16 | INFO     | s1.build | [OK] #77 Mind Introduction to Cognitive Science, 2nd Edition.pdf (chunk 4) | 4,702 tokens | cumulative 669,165
2026-06-17T11:53:33 | INFO     | s1.build | [OK] #78 Mind Introduction to Cognitive Science, 2nd Edition.pdf (chunk 5) | 4,490 tokens | cumulative 673,655
2026-06-17T11:53:44 | INFO     | s1.build | [OK] #79 Mind Introduction to Cognitive Science, 2nd Edition.pdf (chunk 6) | 4,622 tokens | cumulative 678,277
2026-06-17T11:53:53 | INFO     | s1.build | [OK] #80 Mind Introduction to Cognitive Science, 2nd Edition.pdf (chunk 7) | 3,952 tokens | cumulative 682,229
2026-06-17T11:53:59 | INFO     | s1.build | [OK] #81 Mind Introduction to Cognitive Science, 2nd Edition.pdf (chunk 8) | 4,427 tokens | cumulative 686,656
2026-06-17T11:54:06 | INFO     | s1.build | [OK] #82 Mind Introduction to Cognitive Science, 2nd Edition.pdf (chunk 9) | 4,003 tokens | cumulative 690,659
2026-06-17T11:54:13 | INFO     | s1.build | [OK] #83 Mind Introduction to Cognitive Science, 2nd Edition.pdf (chunk 10) | 4,473 tokens | cumulative 695,132
2026-06-17T11:54:21 | INFO     | s1.build | [OK] #84 Mind Introduction to Cognitive Science, 2nd Edition.pdf (chunk 11) | 3,583 tokens | cumulative 698,715
2026-06-17T11:54:38 | INFO     | s1.build | [OK] #85 Mind Introduction to Cognitive Science, 2nd Edition.pdf (chunk 12) | 3,910 tokens | cumulative 702,625
2026-06-17T11:54:55 | INFO     | s1.build | [OK] #86 Mind Introduction to Cognitive Science, 2nd Edition.pdf (chunk 13) | 3,226 tokens | cumulative 705,851
2026-06-17T11:55:11 | INFO     | s1.build | [OK] #87 Mind Introduction to Cognitive Science, 2nd Edition.pdf (chunk 14) | 3,533 tokens | cumulative 709,384
2026-06-17T11:55:26 | INFO     | s1.build | [OK] #88 Mind Introduction to Cognitive Science, 2nd Edition.pdf (chunk 15) | 3,163 tokens | cumulative 712,547
2026-06-17T11:55:39 | INFO     | s1.build | [OK] #89 Mind Introduction to Cognitive Science, 2nd Edition.pdf (chunk 16) | 3,487 tokens | cumulative 716,034
2026-06-17T11:55:56 | INFO     | s1.build | [OK] #90 Mind Introduction to Cognitive Science, 2nd Edition.pdf (chunk 17) | 2,723 tokens | cumulative 718,757
2026-06-17T11:56:13 | INFO     | s1.build | [OK] #91 Mind Introduction to Cognitive Science, 2nd Edition.pdf (chunk 18) | 4,028 tokens | cumulative 722,785
2026-06-17T11:56:24 | INFO     | s1.build | [OK] #92 Mind Introduction to Cognitive Science, 2nd Edition.pdf (chunk 19) | 3,799 tokens | cumulative 726,584
2026-06-17T11:56:32 | INFO     | s1.build | [OK] #93 Mind Introduction to Cognitive Science, 2nd Edition.pdf (chunk 20) | 3,947 tokens | cumulative 730,531
2026-06-17T11:56:39 | INFO     | s1.build | [OK] #94 Mind Introduction to Cognitive Science, 2nd Edition.pdf (chunk 21) | 4,662 tokens | cumulative 735,193
2026-06-17T11:56:54 | INFO     | s1.build | [OK] #95 Mind Introduction to Cognitive Science, 2nd Edition.pdf (chunk 22) | 3,556 tokens | cumulative 738,749
2026-06-17T11:57:11 | INFO     | s1.build | [OK] #96 Mind Introduction to Cognitive Science, 2nd Edition.pdf (chunk 23) | 4,388 tokens | cumulative 743,137
2026-06-17T11:57:28 | INFO     | s1.build | [OK] #97 Mind Introduction to Cognitive Science, 2nd Edition.pdf (chunk 24) | 4,114 tokens | cumulative 747,251
2026-06-17T11:57:44 | INFO     | s1.build | [OK] #98 Mind Introduction to Cognitive Science, 2nd Edition.pdf (chunk 25) | 3,471 tokens | cumulative 750,722
2026-06-17T11:58:01 | INFO     | s1.build | [OK] #99 Mind Introduction to Cognitive Science, 2nd Edition.pdf (chunk 26) | 2,446 tokens | cumulative 753,168
2026-06-17T11:58:17 | INFO     | s1.build | [OK] #100 Mind Introduction to Cognitive Science, 2nd Edition.pdf (chunk 27) | 4,783 tokens | cumulative 757,951
2026-06-17T11:58:34 | INFO     | s1.build | [OK] #101 Mind Introduction to Cognitive Science, 2nd Edition.pdf (chunk 28) | 6,549 tokens | cumulative 764,500
2026-06-17T11:58:51 | INFO     | s1.build | [OK] #102 Mind Introduction to Cognitive Science, 2nd Edition.pdf (chunk 29) | 6,421 tokens | cumulative 770,921
2026-06-17T11:59:06 | INFO     | s1.build | [OK] #103 Mind Introduction to Cognitive Science, 2nd Edition.pdf (chunk 30) | 6,780 tokens | cumulative 777,701
2026-06-17T11:59:23 | INFO     | s1.build | [OK] #104 Philosophy of Mind - A Contemporary Introduction.pdf (chunk 0) | 2,516 tokens | cumulative 780,217
2026-06-17T11:59:39 | INFO     | s1.build | [OK] #105 Philosophy of Mind - A Contemporary Introduction.pdf (chunk 1) | 4,324 tokens | cumulative 784,541
2026-06-17T11:59:50 | INFO     | s1.build | [OK] #106 Philosophy of Mind - A Contemporary Introduction.pdf (chunk 2) | 4,557 tokens | cumulative 789,098
2026-06-17T12:00:02 | INFO     | s1.build | [OK] #107 Philosophy of Mind - A Contemporary Introduction.pdf (chunk 3) | 6,361 tokens | cumulative 795,459
2026-06-17T12:00:19 | INFO     | s1.build | [OK] #108 Philosophy of Mind - A Contemporary Introduction.pdf (chunk 4) | 5,998 tokens | cumulative 801,457
2026-06-17T12:00:36 | INFO     | s1.build | [OK] #109 Philosophy of Mind - A Contemporary Introduction.pdf (chunk 5) | 6,339 tokens | cumulative 807,796
2026-06-17T12:00:52 | INFO     | s1.build | [OK] #110 Philosophy of Mind - A Contemporary Introduction.pdf (chunk 6) | 5,220 tokens | cumulative 813,016
2026-06-17T12:01:08 | INFO     | s1.build | [OK] #111 Philosophy of Mind - A Contemporary Introduction.pdf (chunk 7) | 6,633 tokens | cumulative 819,649
2026-06-17T12:01:25 | INFO     | s1.build | [OK] #112 Philosophy of Mind - A Contemporary Introduction.pdf (chunk 8) | 6,049 tokens | cumulative 825,698
2026-06-17T12:01:37 | INFO     | s1.build | [OK] #113 Philosophy of Mind - A Contemporary Introduction.pdf (chunk 9) | 6,619 tokens | cumulative 832,317
2026-06-17T12:01:52 | INFO     | s1.build | [OK] #114 Philosophy of Mind - A Contemporary Introduction.pdf (chunk 10) | 6,437 tokens | cumulative 838,754
2026-06-17T12:02:09 | INFO     | s1.build | [OK] #115 Philosophy of Mind - A Contemporary Introduction.pdf (chunk 11) | 6,319 tokens | cumulative 845,073
2026-06-17T12:02:26 | INFO     | s1.build | [OK] #116 Philosophy of Mind - A Contemporary Introduction.pdf (chunk 12) | 6,295 tokens | cumulative 851,368
2026-06-17T12:02:35 | INFO     | s1.build | [OK] #117 Philosophy of Mind - A Contemporary Introduction.pdf (chunk 13) | 6,003 tokens | cumulative 857,371
2026-06-17T12:02:44 | INFO     | s1.build | [OK] #118 Philosophy of Mind - A Contemporary Introduction.pdf (chunk 14) | 5,467 tokens | cumulative 862,838
2026-06-17T12:02:51 | INFO     | s1.build | [OK] #119 Philosophy of Mind - A Contemporary Introduction.pdf (chunk 15) | 6,391 tokens | cumulative 869,229
2026-06-17T12:02:58 | INFO     | s1.build | [OK] #120 Philosophy of Mind - A Contemporary Introduction.pdf (chunk 16) | 6,076 tokens | cumulative 875,305
2026-06-17T12:03:14 | INFO     | s1.build | [OK] #121 Philosophy of Mind - A Contemporary Introduction.pdf (chunk 17) | 6,438 tokens | cumulative 881,743
2026-06-17T12:03:23 | INFO     | s1.build | [OK] #122 Philosophy of Mind - A Contemporary Introduction.pdf (chunk 18) | 6,358 tokens | cumulative 888,101
2026-06-17T12:03:31 | INFO     | s1.build | [OK] #123 Philosophy of Mind - A Contemporary Introduction.pdf (chunk 19) | 6,293 tokens | cumulative 894,394
2026-06-17T12:03:38 | INFO     | s1.build | [OK] #124 Philosophy of Mind - A Contemporary Introduction.pdf (chunk 20) | 6,671 tokens | cumulative 901,065
2026-06-17T12:03:49 | INFO     | s1.build | [OK] #125 Philosophy of Mind - A Contemporary Introduction.pdf (chunk 21) | 6,567 tokens | cumulative 907,632
2026-06-17T12:04:01 | INFO     | s1.build | [OK] #126 Philosophy of Mind - A Contemporary Introduction.pdf (chunk 22) | 6,005 tokens | cumulative 913,637
2026-06-17T12:04:17 | INFO     | s1.build | [OK] #127 Philosophy of Mind - A Contemporary Introduction.pdf (chunk 23) | 5,988 tokens | cumulative 919,625
2026-06-17T12:04:32 | INFO     | s1.build | [OK] #128 Philosophy of Mind - A Contemporary Introduction.pdf (chunk 24) | 6,329 tokens | cumulative 925,954
2026-06-17T12:04:49 | INFO     | s1.build | [OK] #129 Philosophy of Mind - A Contemporary Introduction.pdf (chunk 25) | 6,552 tokens | cumulative 932,506
2026-06-17T12:05:05 | INFO     | s1.build | [OK] #130 Philosophy of Mind - A Contemporary Introduction.pdf (chunk 26) | 6,325 tokens | cumulative 938,831
2026-06-17T12:05:21 | INFO     | s1.build | [OK] #131 Philosophy of Mind - A Contemporary Introduction.pdf (chunk 27) | 6,287 tokens | cumulative 945,118
2026-06-17T12:05:38 | INFO     | s1.build | [OK] #132 Philosophy of Mind - A Contemporary Introduction.pdf (chunk 28) | 6,517 tokens | cumulative 951,635
2026-06-17T12:05:56 | INFO     | s1.build | [OK] #133 Philosophy of Mind - A Contemporary Introduction.pdf (chunk 29) | 7,293 tokens | cumulative 958,928
2026-06-17T12:06:13 | INFO     | s1.build | [OK] #134 Philosophy of Mind - A Contemporary Introduction.pdf (chunk 30) | 10,312 tokens | cumulative 969,240
2026-06-17T12:06:30 | INFO     | s1.build | [OK] #135 Philosophy of Mind - A Contemporary Introduction.pdf (chunk 31) | 12,668 tokens | cumulative 981,908
2026-06-17T12:06:47 | INFO     | s1.build | [OK] #136 The Recursive Mind.pdf (chunk 0) | 1,616 tokens | cumulative 983,524
2026-06-17T12:07:03 | INFO     | s1.build | [OK] #137 The Recursive Mind.pdf (chunk 1) | 2,707 tokens | cumulative 986,231
2026-06-17T12:07:20 | INFO     | s1.build | [OK] #138 The Recursive Mind.pdf (chunk 2) | 3,959 tokens | cumulative 990,190
2026-06-17T12:07:36 | INFO     | s1.build | [OK] #139 The Recursive Mind.pdf (chunk 3) | 3,454 tokens | cumulative 993,644
2026-06-17T12:07:52 | INFO     | s1.build | [OK] #140 The Recursive Mind.pdf (chunk 4) | 4,248 tokens | cumulative 997,892
2026-06-17T12:08:09 | INFO     | s1.build | [OK] #141 The Recursive Mind.pdf (chunk 5) | 4,377 tokens | cumulative 1,002,269
2026-06-17T12:08:25 | INFO     | s1.build | [OK] #142 The Recursive Mind.pdf (chunk 6) | 4,837 tokens | cumulative 1,007,106
2026-06-17T12:08:41 | INFO     | s1.build | [OK] #143 The Recursive Mind.pdf (chunk 7) | 3,870 tokens | cumulative 1,010,976
2026-06-17T12:08:57 | INFO     | s1.build | [OK] #144 The Recursive Mind.pdf (chunk 8) | 4,365 tokens | cumulative 1,015,341
2026-06-17T12:09:15 | INFO     | s1.build | [OK] #145 The Recursive Mind.pdf (chunk 9) | 4,507 tokens | cumulative 1,019,848
2026-06-17T12:09:31 | INFO     | s1.build | [OK] #146 The Recursive Mind.pdf (chunk 10) | 3,177 tokens | cumulative 1,023,025
2026-06-17T12:09:47 | INFO     | s1.build | [OK] #147 The Recursive Mind.pdf (chunk 11) | 4,492 tokens | cumulative 1,027,517
2026-06-17T12:10:03 | INFO     | s1.build | [OK] #148 The Recursive Mind.pdf (chunk 12) | 4,097 tokens | cumulative 1,031,614
2026-06-17T12:10:20 | INFO     | s1.build | [OK] #149 The Recursive Mind.pdf (chunk 13) | 4,276 tokens | cumulative 1,035,890
2026-06-17T12:10:36 | INFO     | s1.build | [OK] #150 The Recursive Mind.pdf (chunk 14) | 4,193 tokens | cumulative 1,040,083
2026-06-17T12:10:53 | INFO     | s1.build | [OK] #151 The Recursive Mind.pdf (chunk 15) | 3,904 tokens | cumulative 1,043,987
2026-06-17T12:11:09 | INFO     | s1.build | [OK] #152 The Recursive Mind.pdf (chunk 16) | 3,527 tokens | cumulative 1,047,514
2026-06-17T12:11:25 | INFO     | s1.build | [OK] #153 The Recursive Mind.pdf (chunk 17) | 4,588 tokens | cumulative 1,052,102
2026-06-17T12:11:42 | INFO     | s1.build | [OK] #154 The Recursive Mind.pdf (chunk 18) | 4,517 tokens | cumulative 1,056,619
2026-06-17T12:11:58 | INFO     | s1.build | [OK] #155 The Recursive Mind.pdf (chunk 19) | 4,304 tokens | cumulative 1,060,923
2026-06-17T12:12:14 | INFO     | s1.build | [OK] #156 The Recursive Mind.pdf (chunk 20) | 2,867 tokens | cumulative 1,063,790
2026-06-17T12:12:31 | INFO     | s1.build | [OK] #157 The Recursive Mind.pdf (chunk 21) | 4,208 tokens | cumulative 1,067,998
2026-06-17T12:12:48 | INFO     | s1.build | [OK] #158 The Recursive Mind.pdf (chunk 22) | 4,349 tokens | cumulative 1,072,347
2026-06-17T12:13:04 | INFO     | s1.build | [OK] #159 The Recursive Mind.pdf (chunk 23) | 4,707 tokens | cumulative 1,077,054
2026-06-17T12:13:21 | INFO     | s1.build | [OK] #160 The Recursive Mind.pdf (chunk 24) | 3,608 tokens | cumulative 1,080,662
2026-06-17T12:13:37 | INFO     | s1.build | [OK] #161 The Recursive Mind.pdf (chunk 25) | 3,919 tokens | cumulative 1,084,581
2026-06-17T12:13:53 | INFO     | s1.build | [OK] #162 The Recursive Mind.pdf (chunk 26) | 4,091 tokens | cumulative 1,088,672
2026-06-17T12:14:09 | INFO     | s1.build | [OK] #163 The Recursive Mind.pdf (chunk 27) | 6,094 tokens | cumulative 1,094,766
2026-06-17T12:14:26 | INFO     | s1.build | [OK] #164 The Recursive Mind.pdf (chunk 28) | 6,396 tokens | cumulative 1,101,162
2026-06-17T12:14:43 | INFO     | s1.build | [OK] #165 The Recursive Mind.pdf (chunk 29) | 6,504 tokens | cumulative 1,107,666
2026-06-17T12:14:59 | INFO     | s1.build | [OK] #166 The Recursive Mind.pdf (chunk 30) | 8,357 tokens | cumulative 1,116,023
2026-06-17T12:15:16 | INFO     | s1.build | [OK] #167 The Recursive Mind.pdf (chunk 31) | 8,355 tokens | cumulative 1,124,378
2026-06-17T12:15:33 | INFO     | s1.build | [OK] #168 The Recursive Mind.pdf (chunk 32) | 7,288 tokens | cumulative 1,131,666
2026-06-17T12:15:51 | INFO     | s1.build | [OK] #169 The Recursive Mind.pdf (chunk 33) | 9,768 tokens | cumulative 1,141,434
2026-06-17T12:15:56 | INFO     | s1.build | [OK] #170 The Recursive Mind.pdf (chunk 34) | 1,179 tokens | cumulative 1,142,613
2026-06-17T12:16:00 | INFO     | s1.build | [DONE] Docling - 171 chunks from documents, 1,142,613 tokens -> E:\Projects\CND\Semantics\data\dapt\domain_dapt_corpus.jsonl
2026-06-17T12:27:39 | INFO     | s1.build | [START] Docling pipeline | 1 workers | GPUs [0]
2026-06-17T14:01:00 | INFO     | s1.build | [START] Docling pipeline | 1 workers | GPUs [0]
2026-06-17T14:01:23 | INFO     | s1.build | [OK] #0 Cognitive Psychology A Student’s Handbook.pdf (chunk 0) | 2,703 tokens | cumulative 2,703
2026-06-17T14:01:31 | INFO     | s1.build | [OK] #1 Cognitive Psychology A Student’s Handbook.pdf (chunk 1) | 4,466 tokens | cumulative 7,169
2026-06-17T14:01:39 | INFO     | s1.build | [OK] #2 Cognitive Psychology A Student’s Handbook.pdf (chunk 2) | 6,236 tokens | cumulative 13,405
2026-06-17T14:01:47 | INFO     | s1.build | [OK] #3 Cognitive Psychology A Student’s Handbook.pdf (chunk 3) | 7,562 tokens | cumulative 20,967
2026-06-17T14:01:55 | INFO     | s1.build | [OK] #4 Cognitive Psychology A Student’s Handbook.pdf (chunk 4) | 7,159 tokens | cumulative 28,126
2026-06-17T14:02:02 | INFO     | s1.build | [OK] #5 Cognitive Psychology A Student’s Handbook.pdf (chunk 5) | 4,751 tokens | cumulative 32,877
2026-06-17T14:02:12 | INFO     | s1.build | [OK] #6 Cognitive Psychology A Student’s Handbook.pdf (chunk 6) | 5,426 tokens | cumulative 38,303
2026-06-17T14:02:20 | INFO     | s1.build | [OK] #7 Cognitive Psychology A Student’s Handbook.pdf (chunk 7) | 7,603 tokens | cumulative 45,906
2026-06-17T14:02:29 | INFO     | s1.build | [OK] #8 Cognitive Psychology A Student’s Handbook.pdf (chunk 8) | 6,727 tokens | cumulative 52,633
2026-06-17T14:02:38 | INFO     | s1.build | [OK] #9 Cognitive Psychology A Student’s Handbook.pdf (chunk 9) | 8,585 tokens | cumulative 61,218
2026-06-17T14:02:46 | INFO     | s1.build | [OK] #10 Cognitive Psychology A Student’s Handbook.pdf (chunk 10) | 8,119 tokens | cumulative 69,337
2026-06-17T14:02:54 | INFO     | s1.build | [OK] #11 Cognitive Psychology A Student’s Handbook.pdf (chunk 11) | 7,182 tokens | cumulative 76,519
2026-06-17T14:03:02 | INFO     | s1.build | [OK] #12 Cognitive Psychology A Student’s Handbook.pdf (chunk 12) | 7,751 tokens | cumulative 84,270
2026-06-17T14:03:11 | INFO     | s1.build | [OK] #13 Cognitive Psychology A Student’s Handbook.pdf (chunk 13) | 8,026 tokens | cumulative 92,296
2026-06-17T14:03:20 | INFO     | s1.build | [OK] #14 Cognitive Psychology A Student’s Handbook.pdf (chunk 14) | 6,976 tokens | cumulative 99,272
2026-06-17T14:03:28 | INFO     | s1.build | [OK] #15 Cognitive Psychology A Student’s Handbook.pdf (chunk 15) | 7,088 tokens | cumulative 106,360
2026-06-17T14:03:37 | INFO     | s1.build | [OK] #16 Cognitive Psychology A Student’s Handbook.pdf (chunk 16) | 7,135 tokens | cumulative 113,495
2026-06-17T14:03:45 | INFO     | s1.build | [OK] #17 Cognitive Psychology A Student’s Handbook.pdf (chunk 17) | 8,655 tokens | cumulative 122,150
2026-06-17T14:03:54 | INFO     | s1.build | [OK] #18 Cognitive Psychology A Student’s Handbook.pdf (chunk 18) | 6,902 tokens | cumulative 129,052
2026-06-17T14:04:08 | INFO     | s1.build | [OK] #19 Cognitive Psychology A Student’s Handbook.pdf (chunk 19) | 8,159 tokens | cumulative 137,211
2026-06-17T14:04:26 | INFO     | s1.build | [OK] #20 Cognitive Psychology A Student’s Handbook.pdf (chunk 20) | 7,162 tokens | cumulative 144,373
2026-06-17T14:04:45 | INFO     | s1.build | [OK] #21 Cognitive Psychology A Student’s Handbook.pdf (chunk 21) | 5,857 tokens | cumulative 150,230
2026-06-17T14:05:03 | INFO     | s1.build | [OK] #22 Cognitive Psychology A Student’s Handbook.pdf (chunk 22) | 7,253 tokens | cumulative 157,483
2026-06-17T14:05:21 | INFO     | s1.build | [OK] #23 Cognitive Psychology A Student’s Handbook.pdf (chunk 23) | 7,845 tokens | cumulative 165,328
2026-06-17T14:05:29 | INFO     | s1.build | [OK] #24 Cognitive Psychology A Student’s Handbook.pdf (chunk 24) | 5,007 tokens | cumulative 170,335
2026-06-17T14:05:37 | INFO     | s1.build | [OK] #25 Cognitive Psychology A Student’s Handbook.pdf (chunk 25) | 7,949 tokens | cumulative 178,284
2026-06-17T14:05:45 | INFO     | s1.build | [OK] #26 Cognitive Psychology A Student’s Handbook.pdf (chunk 26) | 10,126 tokens | cumulative 188,410
2026-06-17T14:05:54 | INFO     | s1.build | [OK] #27 Cognitive Psychology A Student’s Handbook.pdf (chunk 27) | 8,725 tokens | cumulative 197,135
2026-06-17T14:06:02 | INFO     | s1.build | [OK] #28 Cognitive Psychology A Student’s Handbook.pdf (chunk 28) | 7,450 tokens | cumulative 204,585
2026-06-17T14:06:09 | INFO     | s1.build | [OK] #29 Cognitive Psychology A Student’s Handbook.pdf (chunk 29) | 6,721 tokens | cumulative 211,306
2026-06-17T14:06:17 | INFO     | s1.build | [OK] #30 Cognitive Psychology A Student’s Handbook.pdf (chunk 30) | 6,568 tokens | cumulative 217,874
2026-06-17T14:07:22 | INFO     | s1.build | [OK] #31 Cognitive Psychology A Student’s Handbook.pdf (chunk 31) | 7,405 tokens | cumulative 225,279
2026-06-17T14:07:32 | INFO     | s1.build | [OK] #32 Cognitive Psychology A Student’s Handbook.pdf (chunk 32) | 6,492 tokens | cumulative 231,771
2026-06-17T14:07:42 | INFO     | s1.build | [OK] #33 Cognitive Psychology A Student’s Handbook.pdf (chunk 33) | 8,301 tokens | cumulative 240,072
2026-06-17T14:07:50 | INFO     | s1.build | [OK] #34 Cognitive Psychology A Student’s Handbook.pdf (chunk 34) | 7,844 tokens | cumulative 247,916
2026-06-17T14:08:39 | INFO     | s1.build | [START] Docling pipeline | 1 workers | GPUs [0]
2026-06-17T14:08:58 | INFO     | s1.build | [OK] #0 Cognitive Psychology A Student’s Handbook.pdf (chunk 0) | 1,484 tokens | cumulative 1,484
2026-06-17T14:09:02 | INFO     | s1.build | [OK] #1 Cognitive Psychology A Student’s Handbook.pdf (chunk 1) | 1,118 tokens | cumulative 2,602
2026-06-17T14:09:07 | INFO     | s1.build | [OK] #2 Cognitive Psychology A Student’s Handbook.pdf (chunk 2) | 1,087 tokens | cumulative 3,689
2026-06-17T14:09:17 | INFO     | s1.build | [OK] #3 Cognitive Psychology A Student’s Handbook.pdf (chunk 3) | 2,380 tokens | cumulative 6,069
2026-06-17T14:09:27 | INFO     | s1.build | [OK] #4 Cognitive Psychology A Student’s Handbook.pdf (chunk 4) | 4,353 tokens | cumulative 10,422
2026-06-17T14:09:38 | INFO     | s1.build | [OK] #5 Cognitive Psychology A Student’s Handbook.pdf (chunk 5) | 2,254 tokens | cumulative 12,676
2026-06-17T14:09:48 | INFO     | s1.build | [OK] #6 Cognitive Psychology A Student’s Handbook.pdf (chunk 6) | 2,770 tokens | cumulative 15,446
2026-06-17T14:09:58 | INFO     | s1.build | [OK] #7 Cognitive Psychology A Student’s Handbook.pdf (chunk 7) | 3,882 tokens | cumulative 19,328
2026-06-17T14:10:10 | INFO     | s1.build | [OK] #8 Cognitive Psychology A Student’s Handbook.pdf (chunk 8) | 4,323 tokens | cumulative 23,651
2026-06-17T14:10:21 | INFO     | s1.build | [OK] #9 Cognitive Psychology A Student’s Handbook.pdf (chunk 9) | 3,390 tokens | cumulative 27,041
2026-06-17T14:10:33 | INFO     | s1.build | [OK] #10 Cognitive Psychology A Student’s Handbook.pdf (chunk 10) | 4,912 tokens | cumulative 31,953
2026-06-17T14:10:40 | INFO     | s1.build | [OK] #11 Cognitive Psychology A Student’s Handbook.pdf (chunk 11) | 2,222 tokens | cumulative 34,175
2026-06-17T14:10:44 | INFO     | s1.build | [OK] #12 Cognitive Psychology A Student’s Handbook.pdf (chunk 12) | 1,792 tokens | cumulative 35,967
2026-06-17T14:10:48 | INFO     | s1.build | [OK] #13 Cognitive Psychology A Student’s Handbook.pdf (chunk 13) | 3,830 tokens | cumulative 39,797
2026-06-17T14:10:52 | INFO     | s1.build | [OK] #14 Cognitive Psychology A Student’s Handbook.pdf (chunk 14) | 2,204 tokens | cumulative 42,001
2026-06-17T14:10:57 | INFO     | s1.build | [OK] #15 Cognitive Psychology A Student’s Handbook.pdf (chunk 15) | 2,808 tokens | cumulative 44,809
2026-06-17T14:11:08 | INFO     | s1.build | [OK] #16 Cognitive Psychology A Student’s Handbook.pdf (chunk 16) | 3,977 tokens | cumulative 48,786
2026-06-17T14:11:18 | INFO     | s1.build | [OK] #17 Cognitive Psychology A Student’s Handbook.pdf (chunk 17) | 3,886 tokens | cumulative 52,672
2026-06-17T14:11:29 | INFO     | s1.build | [OK] #18 Cognitive Psychology A Student’s Handbook.pdf (chunk 18) | 3,907 tokens | cumulative 56,579
2026-06-17T14:11:39 | INFO     | s1.build | [OK] #19 Cognitive Psychology A Student’s Handbook.pdf (chunk 19) | 2,970 tokens | cumulative 59,549
2026-06-17T14:11:52 | INFO     | s1.build | [OK] #20 Cognitive Psychology A Student’s Handbook.pdf (chunk 20) | 6,295 tokens | cumulative 65,844
2026-06-17T14:12:04 | INFO     | s1.build | [OK] #21 Cognitive Psychology A Student’s Handbook.pdf (chunk 21) | 4,357 tokens | cumulative 70,201
2026-06-17T14:12:14 | INFO     | s1.build | [OK] #22 Cognitive Psychology A Student’s Handbook.pdf (chunk 22) | 3,142 tokens | cumulative 73,343
2026-06-17T14:12:25 | INFO     | s1.build | [OK] #23 Cognitive Psychology A Student’s Handbook.pdf (chunk 23) | 3,025 tokens | cumulative 76,368
2026-06-17T14:12:37 | INFO     | s1.build | [OK] #24 Cognitive Psychology A Student’s Handbook.pdf (chunk 24) | 4,866 tokens | cumulative 81,234
2026-06-17T14:12:44 | INFO     | s1.build | [OK] #25 Cognitive Psychology A Student’s Handbook.pdf (chunk 25) | 2,934 tokens | cumulative 84,168
2026-06-17T14:12:54 | INFO     | s1.build | [OK] #26 Cognitive Psychology A Student’s Handbook.pdf (chunk 26) | 3,210 tokens | cumulative 87,378
2026-06-17T14:13:06 | INFO     | s1.build | [OK] #27 Cognitive Psychology A Student’s Handbook.pdf (chunk 27) | 4,062 tokens | cumulative 91,440
2026-06-17T14:13:19 | INFO     | s1.build | [OK] #28 Cognitive Psychology A Student’s Handbook.pdf (chunk 28) | 4,037 tokens | cumulative 95,477
2026-06-17T14:13:30 | INFO     | s1.build | [OK] #29 Cognitive Psychology A Student’s Handbook.pdf (chunk 29) | 3,819 tokens | cumulative 99,296
2026-06-17T14:13:40 | INFO     | s1.build | [OK] #30 Cognitive Psychology A Student’s Handbook.pdf (chunk 30) | 3,377 tokens | cumulative 102,673
2026-06-17T14:13:51 | INFO     | s1.build | [OK] #31 Cognitive Psychology A Student’s Handbook.pdf (chunk 31) | 3,974 tokens | cumulative 106,647
2026-06-17T14:14:01 | INFO     | s1.build | [OK] #32 Cognitive Psychology A Student’s Handbook.pdf (chunk 32) | 3,369 tokens | cumulative 110,016
2026-06-17T14:14:11 | INFO     | s1.build | [OK] #33 Cognitive Psychology A Student’s Handbook.pdf (chunk 33) | 3,404 tokens | cumulative 113,420
2026-06-17T14:14:22 | INFO     | s1.build | [OK] #34 Cognitive Psychology A Student’s Handbook.pdf (chunk 34) | 3,854 tokens | cumulative 117,274
2026-06-17T14:14:31 | INFO     | s1.build | [OK] #35 Cognitive Psychology A Student’s Handbook.pdf (chunk 35) | 2,530 tokens | cumulative 119,804
2026-06-17T14:14:42 | INFO     | s1.build | [OK] #36 Cognitive Psychology A Student’s Handbook.pdf (chunk 36) | 4,255 tokens | cumulative 124,059
2026-06-17T14:14:52 | INFO     | s1.build | [OK] #37 Cognitive Psychology A Student’s Handbook.pdf (chunk 37) | 3,541 tokens | cumulative 127,600
2026-06-17T14:15:02 | INFO     | s1.build | [OK] #38 Cognitive Psychology A Student’s Handbook.pdf (chunk 38) | 2,257 tokens | cumulative 129,857
2026-06-17T14:15:13 | INFO     | s1.build | [OK] #39 Cognitive Psychology A Student’s Handbook.pdf (chunk 39) | 4,790 tokens | cumulative 134,647
2026-06-17T14:15:25 | INFO     | s1.build | [OK] #40 Cognitive Psychology A Student’s Handbook.pdf (chunk 40) | 4,646 tokens | cumulative 139,293
2026-06-17T14:15:35 | INFO     | s1.build | [OK] #41 Cognitive Psychology A Student’s Handbook.pdf (chunk 41) | 2,545 tokens | cumulative 141,838
2026-06-17T14:15:45 | INFO     | s1.build | [OK] #42 Cognitive Psychology A Student’s Handbook.pdf (chunk 42) | 3,292 tokens | cumulative 145,130
2026-06-17T14:15:56 | INFO     | s1.build | [OK] #43 Cognitive Psychology A Student’s Handbook.pdf (chunk 43) | 3,906 tokens | cumulative 149,036
2026-06-17T14:16:06 | INFO     | s1.build | [OK] #44 Cognitive Psychology A Student’s Handbook.pdf (chunk 44) | 3,676 tokens | cumulative 152,712
2026-06-17T14:16:12 | INFO     | s1.build | [OK] #45 Cognitive Psychology A Student’s Handbook.pdf (chunk 45) | 3,564 tokens | cumulative 156,276
2026-06-17T14:16:17 | INFO     | s1.build | [OK] #46 Cognitive Psychology A Student’s Handbook.pdf (chunk 46) | 2,969 tokens | cumulative 159,245
2026-06-17T14:16:26 | INFO     | s1.build | [OK] #47 Cognitive Psychology A Student’s Handbook.pdf (chunk 47) | 3,315 tokens | cumulative 162,560
2026-06-17T14:16:30 | INFO     | s1.build | [OK] #48 Cognitive Psychology A Student’s Handbook.pdf (chunk 48) | 3,894 tokens | cumulative 166,454
2026-06-17T14:16:34 | INFO     | s1.build | [OK] #49 Cognitive Psychology A Student’s Handbook.pdf (chunk 49) | 2,304 tokens | cumulative 168,758
2026-06-17T14:16:39 | INFO     | s1.build | [OK] #50 Cognitive Psychology A Student’s Handbook.pdf (chunk 50) | 2,898 tokens | cumulative 171,656
2026-06-17T14:16:43 | INFO     | s1.build | [OK] #51 Cognitive Psychology A Student’s Handbook.pdf (chunk 51) | 4,000 tokens | cumulative 175,656
2026-06-17T14:16:48 | INFO     | s1.build | [OK] #52 Cognitive Psychology A Student’s Handbook.pdf (chunk 52) | 4,163 tokens | cumulative 179,819
2026-06-17T14:16:52 | INFO     | s1.build | [OK] #53 Cognitive Psychology A Student’s Handbook.pdf (chunk 53) | 2,948 tokens | cumulative 182,767
2026-06-17T14:16:56 | INFO     | s1.build | [OK] #54 Cognitive Psychology A Student’s Handbook.pdf (chunk 54) | 2,227 tokens | cumulative 184,994
2026-06-17T14:17:00 | INFO     | s1.build | [OK] #55 Cognitive Psychology A Student’s Handbook.pdf (chunk 55) | 2,476 tokens | cumulative 187,470
2026-06-17T14:17:04 | INFO     | s1.build | [OK] #56 Cognitive Psychology A Student’s Handbook.pdf (chunk 56) | 3,650 tokens | cumulative 191,120
2026-06-17T14:17:08 | INFO     | s1.build | [OK] #57 Cognitive Psychology A Student’s Handbook.pdf (chunk 57) | 4,236 tokens | cumulative 195,356
2026-06-17T14:17:13 | INFO     | s1.build | [OK] #58 Cognitive Psychology A Student’s Handbook.pdf (chunk 58) | 4,588 tokens | cumulative 199,944
2026-06-17T14:17:17 | INFO     | s1.build | [OK] #59 Cognitive Psychology A Student’s Handbook.pdf (chunk 59) | 4,947 tokens | cumulative 204,891
2026-06-17T14:17:23 | INFO     | s1.build | [OK] #60 Cognitive Psychology A Student’s Handbook.pdf (chunk 60) | 5,738 tokens | cumulative 210,629
2026-06-17T14:17:27 | INFO     | s1.build | [OK] #61 Cognitive Psychology A Student’s Handbook.pdf (chunk 61) | 4,230 tokens | cumulative 214,859
2026-06-17T14:17:31 | INFO     | s1.build | [OK] #62 Cognitive Psychology A Student’s Handbook.pdf (chunk 62) | 3,226 tokens | cumulative 218,085
2026-06-17T14:17:35 | INFO     | s1.build | [OK] #63 Cognitive Psychology A Student’s Handbook.pdf (chunk 63) | 3,607 tokens | cumulative 221,692
2026-06-17T14:17:40 | INFO     | s1.build | [OK] #64 Cognitive Psychology A Student’s Handbook.pdf (chunk 64) | 4,257 tokens | cumulative 225,949
2026-06-17T14:17:44 | INFO     | s1.build | [OK] #65 Cognitive Psychology A Student’s Handbook.pdf (chunk 65) | 3,478 tokens | cumulative 229,427
2026-06-17T14:17:48 | INFO     | s1.build | [OK] #66 Cognitive Psychology A Student’s Handbook.pdf (chunk 66) | 4,420 tokens | cumulative 233,847
2026-06-17T14:17:53 | INFO     | s1.build | [OK] #67 Cognitive Psychology A Student’s Handbook.pdf (chunk 67) | 2,942 tokens | cumulative 236,789
2026-06-17T14:17:57 | INFO     | s1.build | [OK] #68 Cognitive Psychology A Student’s Handbook.pdf (chunk 68) | 3,460 tokens | cumulative 240,249
2026-06-17T14:18:01 | INFO     | s1.build | [OK] #69 Cognitive Psychology A Student’s Handbook.pdf (chunk 69) | 2,675 tokens | cumulative 242,924
2026-06-17T14:18:05 | INFO     | s1.build | [OK] #70 Cognitive Psychology A Student’s Handbook.pdf (chunk 70) | 2,779 tokens | cumulative 245,703
2026-06-17T14:18:10 | INFO     | s1.build | [OK] #71 Cognitive Psychology A Student’s Handbook.pdf (chunk 71) | 5,479 tokens | cumulative 251,182
2026-06-17T14:18:14 | INFO     | s1.build | [OK] #72 Cognitive Psychology A Student’s Handbook.pdf (chunk 72) | 4,103 tokens | cumulative 255,285
2026-06-17T14:18:19 | INFO     | s1.build | [OK] #73 Cognitive Psychology A Student’s Handbook.pdf (chunk 73) | 3,111 tokens | cumulative 258,396
2026-06-17T14:18:23 | INFO     | s1.build | [OK] #74 Cognitive Psychology A Student’s Handbook.pdf (chunk 74) | 4,197 tokens | cumulative 262,593
2026-06-17T14:18:28 | INFO     | s1.build | [OK] #75 Cognitive Psychology A Student’s Handbook.pdf (chunk 75) | 4,523 tokens | cumulative 267,116
2026-06-17T14:18:32 | INFO     | s1.build | [OK] #76 Cognitive Psychology A Student’s Handbook.pdf (chunk 76) | 3,612 tokens | cumulative 270,728
2026-06-17T14:18:36 | INFO     | s1.build | [OK] #77 Cognitive Psychology A Student’s Handbook.pdf (chunk 77) | 4,242 tokens | cumulative 274,970
2026-06-17T14:18:41 | INFO     | s1.build | [OK] #78 Cognitive Psychology A Student’s Handbook.pdf (chunk 78) | 5,106 tokens | cumulative 280,076
2026-06-17T14:18:45 | INFO     | s1.build | [OK] #79 Cognitive Psychology A Student’s Handbook.pdf (chunk 79) | 4,967 tokens | cumulative 285,043
2026-06-17T14:18:50 | INFO     | s1.build | [OK] #80 Cognitive Psychology A Student’s Handbook.pdf (chunk 80) | 4,609 tokens | cumulative 289,652
2026-06-17T14:18:54 | INFO     | s1.build | [OK] #81 Cognitive Psychology A Student’s Handbook.pdf (chunk 81) | 3,499 tokens | cumulative 293,151
2026-06-17T14:18:59 | INFO     | s1.build | [OK] #82 Cognitive Psychology A Student’s Handbook.pdf (chunk 82) | 3,967 tokens | cumulative 297,118
2026-06-17T14:19:03 | INFO     | s1.build | [OK] #83 Cognitive Psychology A Student’s Handbook.pdf (chunk 83) | 3,873 tokens | cumulative 300,991
2026-06-17T14:19:07 | INFO     | s1.build | [OK] #84 Cognitive Psychology A Student’s Handbook.pdf (chunk 84) | 3,543 tokens | cumulative 304,534
2026-06-17T14:19:12 | INFO     | s1.build | [OK] #85 Cognitive Psychology A Student’s Handbook.pdf (chunk 85) | 4,528 tokens | cumulative 309,062
2026-06-17T14:19:16 | INFO     | s1.build | [OK] #86 Cognitive Psychology A Student’s Handbook.pdf (chunk 86) | 3,836 tokens | cumulative 312,898
2026-06-17T14:19:21 | INFO     | s1.build | [OK] #87 Cognitive Psychology A Student’s Handbook.pdf (chunk 87) | 3,880 tokens | cumulative 316,778
2026-06-17T14:19:25 | INFO     | s1.build | [OK] #88 Cognitive Psychology A Student’s Handbook.pdf (chunk 88) | 3,644 tokens | cumulative 320,422
2026-06-17T14:19:29 | INFO     | s1.build | [OK] #89 Cognitive Psychology A Student’s Handbook.pdf (chunk 89) | 2,659 tokens | cumulative 323,081
2026-06-17T14:19:34 | INFO     | s1.build | [OK] #90 Cognitive Psychology A Student’s Handbook.pdf (chunk 90) | 4,525 tokens | cumulative 327,606
2026-06-17T14:19:38 | INFO     | s1.build | [OK] #91 Cognitive Psychology A Student’s Handbook.pdf (chunk 91) | 3,480 tokens | cumulative 331,086
2026-06-17T14:19:43 | INFO     | s1.build | [OK] #92 Cognitive Psychology A Student’s Handbook.pdf (chunk 92) | 2,939 tokens | cumulative 334,025
2026-06-17T14:19:47 | INFO     | s1.build | [OK] #93 Cognitive Psychology A Student’s Handbook.pdf (chunk 93) | 3,248 tokens | cumulative 337,273
2026-06-17T14:19:51 | INFO     | s1.build | [OK] #94 Cognitive Psychology A Student’s Handbook.pdf (chunk 94) | 4,437 tokens | cumulative 341,710
2026-06-17T14:19:56 | INFO     | s1.build | [OK] #95 Cognitive Psychology A Student’s Handbook.pdf (chunk 95) | 5,053 tokens | cumulative 346,763
2026-06-17T14:20:01 | INFO     | s1.build | [OK] #96 Cognitive Psychology A Student’s Handbook.pdf (chunk 96) | 3,789 tokens | cumulative 350,552
2026-06-17T14:20:05 | INFO     | s1.build | [OK] #97 Cognitive Psychology A Student’s Handbook.pdf (chunk 97) | 3,451 tokens | cumulative 354,003
2026-06-17T14:20:09 | INFO     | s1.build | [OK] #98 Cognitive Psychology A Student’s Handbook.pdf (chunk 98) | 4,081 tokens | cumulative 358,084
2026-06-17T14:20:14 | INFO     | s1.build | [OK] #99 Cognitive Psychology A Student’s Handbook.pdf (chunk 99) | 5,027 tokens | cumulative 363,111
2026-06-17T14:20:19 | INFO     | s1.build | [OK] #100 Cognitive Psychology A Student’s Handbook.pdf (chunk 100) | 4,017 tokens | cumulative 367,128
2026-06-17T14:20:24 | INFO     | s1.build | [OK] #101 Cognitive Psychology A Student’s Handbook.pdf (chunk 101) | 4,618 tokens | cumulative 371,746
2026-06-17T14:20:29 | INFO     | s1.build | [OK] #102 Cognitive Psychology A Student’s Handbook.pdf (chunk 102) | 3,386 tokens | cumulative 375,132
2026-06-17T14:20:33 | INFO     | s1.build | [OK] #103 Cognitive Psychology A Student’s Handbook.pdf (chunk 103) | 3,956 tokens | cumulative 379,088
2026-06-17T14:20:37 | INFO     | s1.build | [OK] #104 Cognitive Psychology A Student’s Handbook.pdf (chunk 104) | 2,910 tokens | cumulative 381,998
2026-06-17T14:20:41 | INFO     | s1.build | [OK] #105 Cognitive Psychology A Student’s Handbook.pdf (chunk 105) | 1,470 tokens | cumulative 383,468
2026-06-17T14:20:45 | INFO     | s1.build | [OK] #106 Cognitive Psychology A Student’s Handbook.pdf (chunk 106) | 2,620 tokens | cumulative 386,088
2026-06-17T14:20:49 | INFO     | s1.build | [OK] #107 Cognitive Psychology A Student’s Handbook.pdf (chunk 107) | 2,842 tokens | cumulative 388,930
2026-06-17T14:20:54 | INFO     | s1.build | [OK] #108 Cognitive Psychology A Student’s Handbook.pdf (chunk 108) | 4,371 tokens | cumulative 393,301
2026-06-17T14:20:58 | INFO     | s1.build | [OK] #109 Cognitive Psychology A Student’s Handbook.pdf (chunk 109) | 3,765 tokens | cumulative 397,066
2026-06-17T14:21:03 | INFO     | s1.build | [OK] #110 Cognitive Psychology A Student’s Handbook.pdf (chunk 110) | 3,906 tokens | cumulative 400,972
2026-06-17T14:21:07 | INFO     | s1.build | [OK] #111 Cognitive Psychology A Student’s Handbook.pdf (chunk 111) | 3,136 tokens | cumulative 404,108
2026-06-17T14:21:12 | INFO     | s1.build | [OK] #112 Cognitive Psychology A Student’s Handbook.pdf (chunk 112) | 4,502 tokens | cumulative 408,610
2026-06-17T14:21:16 | INFO     | s1.build | [OK] #113 Cognitive Psychology A Student’s Handbook.pdf (chunk 113) | 4,151 tokens | cumulative 412,761
2026-06-17T14:21:21 | INFO     | s1.build | [OK] #114 Cognitive Psychology A Student’s Handbook.pdf (chunk 114) | 4,402 tokens | cumulative 417,163
2026-06-17T14:21:26 | INFO     | s1.build | [OK] #115 Cognitive Psychology A Student’s Handbook.pdf (chunk 115) | 5,553 tokens | cumulative 422,716
2026-06-17T14:21:31 | INFO     | s1.build | [OK] #116 Cognitive Psychology A Student’s Handbook.pdf (chunk 116) | 4,808 tokens | cumulative 427,524
2026-06-17T14:21:35 | INFO     | s1.build | [OK] #117 Cognitive Psychology A Student’s Handbook.pdf (chunk 117) | 3,662 tokens | cumulative 431,186
2026-06-17T14:21:40 | INFO     | s1.build | [OK] #118 Cognitive Psychology A Student’s Handbook.pdf (chunk 118) | 4,531 tokens | cumulative 435,717
2026-06-17T14:21:44 | INFO     | s1.build | [OK] #119 Cognitive Psychology A Student’s Handbook.pdf (chunk 119) | 2,836 tokens | cumulative 438,553
2026-06-17T14:21:49 | INFO     | s1.build | [OK] #120 Cognitive Psychology A Student’s Handbook.pdf (chunk 120) | 5,203 tokens | cumulative 443,756
2026-06-17T14:21:54 | INFO     | s1.build | [OK] #121 Cognitive Psychology A Student’s Handbook.pdf (chunk 121) | 4,583 tokens | cumulative 448,339
2026-06-17T14:21:58 | INFO     | s1.build | [OK] #122 Cognitive Psychology A Student’s Handbook.pdf (chunk 122) | 3,685 tokens | cumulative 452,024
2026-06-17T14:22:02 | INFO     | s1.build | [OK] #123 Cognitive Psychology A Student’s Handbook.pdf (chunk 123) | 3,579 tokens | cumulative 455,603
2026-06-17T14:22:06 | INFO     | s1.build | [OK] #124 Cognitive Psychology A Student’s Handbook.pdf (chunk 124) | 2,933 tokens | cumulative 458,536
2026-06-17T14:22:10 | INFO     | s1.build | [OK] #125 Cognitive Psychology A Student’s Handbook.pdf (chunk 125) | 3,763 tokens | cumulative 462,299
2026-06-17T14:22:14 | INFO     | s1.build | [OK] #126 Cognitive Psychology A Student’s Handbook.pdf (chunk 126) | 2,148 tokens | cumulative 464,447
2026-06-17T14:22:18 | INFO     | s1.build | [OK] #127 Cognitive Psychology A Student’s Handbook.pdf (chunk 127) | 3,469 tokens | cumulative 467,916
2026-06-17T14:22:23 | INFO     | s1.build | [OK] #128 Cognitive Psychology A Student’s Handbook.pdf (chunk 128) | 4,596 tokens | cumulative 472,512
2026-06-17T14:22:27 | INFO     | s1.build | [OK] #129 Cognitive Psychology A Student’s Handbook.pdf (chunk 129) | 3,065 tokens | cumulative 475,577
2026-06-17T14:22:31 | INFO     | s1.build | [OK] #130 Cognitive Psychology A Student’s Handbook.pdf (chunk 130) | 2,423 tokens | cumulative 478,000
2026-06-17T14:22:35 | INFO     | s1.build | [OK] #131 Cognitive Psychology A Student’s Handbook.pdf (chunk 131) | 2,860 tokens | cumulative 480,860
2026-06-17T14:22:39 | INFO     | s1.build | [OK] #132 Cognitive Psychology A Student’s Handbook.pdf (chunk 132) | 4,089 tokens | cumulative 484,949
2026-06-17T14:22:44 | INFO     | s1.build | [OK] #133 Cognitive Psychology A Student’s Handbook.pdf (chunk 133) | 4,319 tokens | cumulative 489,268
2026-06-17T14:22:48 | INFO     | s1.build | [OK] #134 Cognitive Psychology A Student’s Handbook.pdf (chunk 134) | 3,624 tokens | cumulative 492,892
2026-06-17T14:22:53 | INFO     | s1.build | [OK] #135 Cognitive Psychology A Student’s Handbook.pdf (chunk 135) | 2,870 tokens | cumulative 495,762
2026-06-17T14:22:57 | INFO     | s1.build | [OK] #136 Cognitive Psychology A Student’s Handbook.pdf (chunk 136) | 3,934 tokens | cumulative 499,696
2026-06-17T14:23:01 | INFO     | s1.build | [OK] #137 Cognitive Psychology A Student’s Handbook.pdf (chunk 137) | 3,862 tokens | cumulative 503,558
2026-06-17T14:23:06 | INFO     | s1.build | [OK] #138 Cognitive Psychology A Student’s Handbook.pdf (chunk 138) | 3,629 tokens | cumulative 507,187
2026-06-17T14:23:11 | INFO     | s1.build | [OK] #139 Cognitive Psychology A Student’s Handbook.pdf (chunk 139) | 3,881 tokens | cumulative 511,068
2026-06-17T14:23:15 | INFO     | s1.build | [OK] #140 Cognitive Psychology A Student’s Handbook.pdf (chunk 140) | 4,599 tokens | cumulative 515,667
2026-06-17T14:23:21 | INFO     | s1.build | [OK] #141 Cognitive Psychology A Student’s Handbook.pdf (chunk 141) | 4,497 tokens | cumulative 520,164
2026-06-17T14:23:24 | INFO     | s1.build | [OK] #142 Cognitive Psychology A Student’s Handbook.pdf (chunk 142) | 1,632 tokens | cumulative 521,796
2026-06-17T14:23:29 | INFO     | s1.build | [OK] #143 Cognitive Psychology A Student’s Handbook.pdf (chunk 143) | 2,597 tokens | cumulative 524,393
2026-06-17T14:23:33 | INFO     | s1.build | [OK] #144 Cognitive Psychology A Student’s Handbook.pdf (chunk 144) | 3,548 tokens | cumulative 527,941
2026-06-17T14:23:37 | INFO     | s1.build | [OK] #145 Cognitive Psychology A Student’s Handbook.pdf (chunk 145) | 3,402 tokens | cumulative 531,343
2026-06-17T14:23:42 | INFO     | s1.build | [OK] #146 Cognitive Psychology A Student’s Handbook.pdf (chunk 146) | 4,189 tokens | cumulative 535,532
2026-06-17T14:23:46 | INFO     | s1.build | [OK] #147 Cognitive Psychology A Student’s Handbook.pdf (chunk 147) | 4,286 tokens | cumulative 539,818
2026-06-17T14:23:55 | INFO     | s1.build | [OK] #148 Cognitive Psychology A Student’s Handbook.pdf (chunk 148) | 10,855 tokens | cumulative 550,673
2026-06-17T14:24:13 | INFO     | s1.build | [OK] #149 Cognitive Psychology A Student’s Handbook.pdf (chunk 149) | 23,765 tokens | cumulative 574,438
2026-06-17T14:24:31 | INFO     | s1.build | [OK] #150 Cognitive Psychology A Student’s Handbook.pdf (chunk 150) | 23,781 tokens | cumulative 598,219
2026-06-17T14:24:46 | INFO     | s1.build | [OK] #151 Cognitive Psychology A Student’s Handbook.pdf (chunk 151) | 22,785 tokens | cumulative 621,004
2026-06-17T14:25:00 | INFO     | s1.build | [OK] #152 Cognitive Psychology A Student’s Handbook.pdf (chunk 152) | 21,561 tokens | cumulative 642,565
2026-06-17T14:25:14 | INFO     | s1.build | [OK] #153 Cognitive Psychology A Student’s Handbook.pdf (chunk 153) | 23,311 tokens | cumulative 665,876
2026-06-17T14:25:28 | INFO     | s1.build | [OK] #154 Cognitive Psychology A Student’s Handbook.pdf (chunk 154) | 23,048 tokens | cumulative 688,924
2026-06-17T14:25:35 | INFO     | s1.build | [OK] #155 Cognitive Psychology A Student’s Handbook.pdf (chunk 155) | 10,007 tokens | cumulative 698,931
2026-06-17T14:25:39 | INFO     | s1.build | [OK] #156 Cognitive Psychology A Student’s Handbook.pdf (chunk 156) | 5,208 tokens | cumulative 704,139
2026-06-17T14:25:43 | INFO     | s1.build | [OK] #157 Cognitive Psychology A Student’s Handbook.pdf (chunk 157) | 5,053 tokens | cumulative 709,192
2026-06-17T14:25:46 | INFO     | s1.build | [OK] #158 Cognitive Psychology A Student’s Handbook.pdf (chunk 158) | 5,040 tokens | cumulative 714,232
2026-06-17T14:25:50 | INFO     | s1.build | [OK] #159 Cognitive Psychology A Student’s Handbook.pdf (chunk 159) | 5,012 tokens | cumulative 719,244
2026-06-17T14:25:56 | INFO     | s1.build | [OK] #160 Cognitive Psychology A Student’s Handbook.pdf (chunk 160) | 8,307 tokens | cumulative 727,551
2026-06-17T14:26:00 | INFO     | s1.build | [OK] #161 Cognitive Psychology A Student’s Handbook.pdf (chunk 161) | 7,257 tokens | cumulative 734,808
2026-06-17T14:26:04 | INFO     | s1.build | [OK] #162 Cognitive Psychology A Student’s Handbook.pdf (chunk 162) | 4,853 tokens | cumulative 739,661
2026-06-17T14:26:07 | INFO     | s1.build | [OK] #163 Mind Introduction to Cognitive Science, 2nd Edition.pdf (chunk 0) | 920 tokens | cumulative 740,581
2026-06-17T14:26:11 | INFO     | s1.build | [OK] #164 Mind Introduction to Cognitive Science, 2nd Edition.pdf (chunk 1) | 437 tokens | cumulative 741,018
2026-06-17T14:26:14 | INFO     | s1.build | [OK] #165 Mind Introduction to Cognitive Science, 2nd Edition.pdf (chunk 2) | 923 tokens | cumulative 741,941
2026-06-17T14:26:18 | INFO     | s1.build | [OK] #166 Mind Introduction to Cognitive Science, 2nd Edition.pdf (chunk 3) | 785 tokens | cumulative 742,726
2026-06-17T14:26:21 | INFO     | s1.build | [OK] #167 Mind Introduction to Cognitive Science, 2nd Edition.pdf (chunk 4) | 2,208 tokens | cumulative 744,934
2026-06-17T14:26:25 | INFO     | s1.build | [OK] #168 Mind Introduction to Cognitive Science, 2nd Edition.pdf (chunk 5) | 1,973 tokens | cumulative 746,907
2026-06-17T14:26:28 | INFO     | s1.build | [OK] #169 Mind Introduction to Cognitive Science, 2nd Edition.pdf (chunk 6) | 1,970 tokens | cumulative 748,877
2026-06-17T14:26:32 | INFO     | s1.build | [OK] #170 Mind Introduction to Cognitive Science, 2nd Edition.pdf (chunk 7) | 2,075 tokens | cumulative 750,952
2026-06-17T14:26:35 | INFO     | s1.build | [OK] #171 Mind Introduction to Cognitive Science, 2nd Edition.pdf (chunk 8) | 1,896 tokens | cumulative 752,848
2026-06-17T14:26:39 | INFO     | s1.build | [OK] #172 Mind Introduction to Cognitive Science, 2nd Edition.pdf (chunk 9) | 2,366 tokens | cumulative 755,214
2026-06-17T14:26:42 | INFO     | s1.build | [OK] #173 Mind Introduction to Cognitive Science, 2nd Edition.pdf (chunk 10) | 2,315 tokens | cumulative 757,529
2026-06-17T14:26:46 | INFO     | s1.build | [OK] #174 Mind Introduction to Cognitive Science, 2nd Edition.pdf (chunk 11) | 2,361 tokens | cumulative 759,890
2026-06-17T14:26:49 | INFO     | s1.build | [OK] #175 Mind Introduction to Cognitive Science, 2nd Edition.pdf (chunk 12) | 2,325 tokens | cumulative 762,215
2026-06-17T14:26:53 | INFO     | s1.build | [OK] #176 Mind Introduction to Cognitive Science, 2nd Edition.pdf (chunk 13) | 1,995 tokens | cumulative 764,210
2026-06-17T14:26:56 | INFO     | s1.build | [OK] #177 Mind Introduction to Cognitive Science, 2nd Edition.pdf (chunk 14) | 2,319 tokens | cumulative 766,529
2026-06-17T14:27:00 | INFO     | s1.build | [OK] #178 Mind Introduction to Cognitive Science, 2nd Edition.pdf (chunk 15) | 2,486 tokens | cumulative 769,015
2026-06-17T14:27:03 | INFO     | s1.build | [OK] #179 Mind Introduction to Cognitive Science, 2nd Edition.pdf (chunk 16) | 2,176 tokens | cumulative 771,191
2026-06-17T14:27:07 | INFO     | s1.build | [OK] #180 Mind Introduction to Cognitive Science, 2nd Edition.pdf (chunk 17) | 1,672 tokens | cumulative 772,863
2026-06-17T14:27:10 | INFO     | s1.build | [OK] #181 Mind Introduction to Cognitive Science, 2nd Edition.pdf (chunk 18) | 2,093 tokens | cumulative 774,956
2026-06-17T14:27:14 | INFO     | s1.build | [OK] #182 Mind Introduction to Cognitive Science, 2nd Edition.pdf (chunk 19) | 2,229 tokens | cumulative 777,185
2026-06-17T14:27:17 | INFO     | s1.build | [OK] #183 Mind Introduction to Cognitive Science, 2nd Edition.pdf (chunk 20) | 2,429 tokens | cumulative 779,614
2026-06-17T14:27:21 | INFO     | s1.build | [OK] #184 Mind Introduction to Cognitive Science, 2nd Edition.pdf (chunk 21) | 1,603 tokens | cumulative 781,217
2026-06-17T14:27:24 | INFO     | s1.build | [OK] #185 Mind Introduction to Cognitive Science, 2nd Edition.pdf (chunk 22) | 1,611 tokens | cumulative 782,828
2026-06-17T14:27:28 | INFO     | s1.build | [OK] #186 Mind Introduction to Cognitive Science, 2nd Edition.pdf (chunk 23) | 2,112 tokens | cumulative 784,940
2026-06-17T14:27:31 | INFO     | s1.build | [OK] #187 Mind Introduction to Cognitive Science, 2nd Edition.pdf (chunk 24) | 2,375 tokens | cumulative 787,315
2026-06-17T14:27:35 | INFO     | s1.build | [OK] #188 Mind Introduction to Cognitive Science, 2nd Edition.pdf (chunk 25) | 2,140 tokens | cumulative 789,455
2026-06-17T14:27:38 | INFO     | s1.build | [OK] #189 Mind Introduction to Cognitive Science, 2nd Edition.pdf (chunk 26) | 1,315 tokens | cumulative 790,770
2026-06-17T14:27:42 | INFO     | s1.build | [OK] #190 Mind Introduction to Cognitive Science, 2nd Edition.pdf (chunk 27) | 1,745 tokens | cumulative 792,515
2026-06-17T14:27:45 | INFO     | s1.build | [OK] #191 Mind Introduction to Cognitive Science, 2nd Edition.pdf (chunk 28) | 2,058 tokens | cumulative 794,573
2026-06-17T14:27:48 | INFO     | s1.build | [OK] #192 Mind Introduction to Cognitive Science, 2nd Edition.pdf (chunk 29) | 1,930 tokens | cumulative 796,503
2026-06-17T14:27:52 | INFO     | s1.build | [OK] #193 Mind Introduction to Cognitive Science, 2nd Edition.pdf (chunk 30) | 1,202 tokens | cumulative 797,705
2026-06-17T14:27:55 | INFO     | s1.build | [OK] #194 Mind Introduction to Cognitive Science, 2nd Edition.pdf (chunk 31) | 1,695 tokens | cumulative 799,400
2026-06-17T14:27:59 | INFO     | s1.build | [OK] #195 Mind Introduction to Cognitive Science, 2nd Edition.pdf (chunk 32) | 1,964 tokens | cumulative 801,364
2026-06-17T14:28:02 | INFO     | s1.build | [OK] #196 Mind Introduction to Cognitive Science, 2nd Edition.pdf (chunk 33) | 1,679 tokens | cumulative 803,043
2026-06-17T14:28:06 | INFO     | s1.build | [OK] #197 Mind Introduction to Cognitive Science, 2nd Edition.pdf (chunk 34) | 2,089 tokens | cumulative 805,132
2026-06-17T14:28:09 | INFO     | s1.build | [OK] #198 Mind Introduction to Cognitive Science, 2nd Edition.pdf (chunk 35) | 1,160 tokens | cumulative 806,292
2026-06-17T14:28:13 | INFO     | s1.build | [OK] #199 Mind Introduction to Cognitive Science, 2nd Edition.pdf (chunk 36) | 1,426 tokens | cumulative 807,718
2026-06-17T14:28:16 | INFO     | s1.build | [OK] #200 Mind Introduction to Cognitive Science, 2nd Edition.pdf (chunk 37) | 2,041 tokens | cumulative 809,759
2026-06-17T14:28:21 | INFO     | s1.build | [OK] #201 Mind Introduction to Cognitive Science, 2nd Edition.pdf (chunk 38) | 1,545 tokens | cumulative 811,304
2026-06-17T14:28:25 | INFO     | s1.build | [OK] #202 Mind Introduction to Cognitive Science, 2nd Edition.pdf (chunk 39) | 628 tokens | cumulative 811,932
2026-06-17T14:28:29 | INFO     | s1.build | [OK] #203 Mind Introduction to Cognitive Science, 2nd Edition.pdf (chunk 40) | 2,166 tokens | cumulative 814,098
2026-06-17T14:28:32 | INFO     | s1.build | [OK] #204 Mind Introduction to Cognitive Science, 2nd Edition.pdf (chunk 41) | 1,924 tokens | cumulative 816,022
2026-06-17T14:28:46 | INFO     | s1.build | [OK] #205 Mind Introduction to Cognitive Science, 2nd Edition.pdf (chunk 42) | 1,802 tokens | cumulative 817,824
2026-06-17T14:28:47 | INFO     | s1.build | [OK] #206 Mind Introduction to Cognitive Science, 2nd Edition.pdf (chunk 43) | 279 tokens | cumulative 818,103
2026-06-17T15:10:53 | INFO     | s1.build | [START] Docling pipeline | 1 workers | GPUs [0]
2026-06-17T15:11:19 | INFO     | s1.build | [OK] #0 Cognitive Psychology A Student’s Handbook.pdf (chunk 0) | 2,703 tokens | cumulative 2,703
2026-06-17T15:11:28 | INFO     | s1.build | [OK] #1 Cognitive Psychology A Student’s Handbook.pdf (chunk 1) | 4,466 tokens | cumulative 7,169
2026-06-17T15:11:41 | INFO     | s1.build | [OK] #2 Cognitive Psychology A Student’s Handbook.pdf (chunk 2) | 6,236 tokens | cumulative 13,405
2026-06-17T15:11:51 | INFO     | s1.build | [OK] #3 Cognitive Psychology A Student’s Handbook.pdf (chunk 3) | 7,562 tokens | cumulative 20,967
2026-06-17T15:12:01 | INFO     | s1.build | [OK] #4 Cognitive Psychology A Student’s Handbook.pdf (chunk 4) | 7,159 tokens | cumulative 28,126
2026-06-17T15:12:11 | INFO     | s1.build | [OK] #5 Cognitive Psychology A Student’s Handbook.pdf (chunk 5) | 4,751 tokens | cumulative 32,877
2026-06-17T15:12:34 | INFO     | s1.build | [OK] #6 Mind Introduction to Cognitive Science, 2nd Edition.pdf (chunk 0) | 1,413 tokens | cumulative 34,290
2026-06-17T15:13:53 | INFO     | s1.build | [START] Docling pipeline | 1 workers | GPUs [0]
2026-06-17T15:14:19 | INFO     | s1.build | [OK] #0 Cognitive Psychology A Student’s Handbook.pdf (chunk 0) | 2,703 tokens | cumulative 2,703
2026-06-17T15:14:31 | INFO     | s1.build | [OK] #1 Cognitive Psychology A Student’s Handbook.pdf (chunk 1) | 4,466 tokens | cumulative 7,169
2026-06-17T15:14:43 | INFO     | s1.build | [OK] #2 Cognitive Psychology A Student’s Handbook.pdf (chunk 2) | 6,236 tokens | cumulative 13,405
2026-06-17T15:14:57 | INFO     | s1.build | [OK] #3 Cognitive Psychology A Student’s Handbook.pdf (chunk 3) | 7,562 tokens | cumulative 20,967
2026-06-17T15:15:09 | INFO     | s1.build | [OK] #4 Cognitive Psychology A Student’s Handbook.pdf (chunk 4) | 7,159 tokens | cumulative 28,126
2026-06-17T15:15:22 | INFO     | s1.build | [OK] #5 Cognitive Psychology A Student’s Handbook.pdf (chunk 5) | 4,751 tokens | cumulative 32,877
2026-06-17T15:15:38 | INFO     | s1.build | [OK] #6 Cognitive Psychology A Student’s Handbook.pdf (chunk 6) | 5,426 tokens | cumulative 38,303
2026-06-17T15:15:52 | INFO     | s1.build | [OK] #7 Cognitive Psychology A Student’s Handbook.pdf (chunk 7) | 7,603 tokens | cumulative 45,906
2026-06-17T15:16:05 | INFO     | s1.build | [OK] #8 Cognitive Psychology A Student’s Handbook.pdf (chunk 8) | 6,727 tokens | cumulative 52,633
2026-06-17T15:16:20 | INFO     | s1.build | [OK] #9 Cognitive Psychology A Student’s Handbook.pdf (chunk 9) | 8,585 tokens | cumulative 61,218
2026-06-17T15:16:33 | INFO     | s1.build | [OK] #10 Cognitive Psychology A Student’s Handbook.pdf (chunk 10) | 8,119 tokens | cumulative 69,337
2026-06-17T15:16:48 | INFO     | s1.build | [OK] #11 Cognitive Psychology A Student’s Handbook.pdf (chunk 11) | 7,182 tokens | cumulative 76,519
2026-06-17T15:17:03 | INFO     | s1.build | [OK] #12 Cognitive Psychology A Student’s Handbook.pdf (chunk 12) | 7,751 tokens | cumulative 84,270
2026-06-17T15:17:18 | INFO     | s1.build | [OK] #13 Cognitive Psychology A Student’s Handbook.pdf (chunk 13) | 8,026 tokens | cumulative 92,296
2026-06-17T15:17:32 | INFO     | s1.build | [OK] #14 Cognitive Psychology A Student’s Handbook.pdf (chunk 14) | 6,976 tokens | cumulative 99,272
2026-06-17T15:17:46 | INFO     | s1.build | [OK] #15 Cognitive Psychology A Student’s Handbook.pdf (chunk 15) | 7,088 tokens | cumulative 106,360
2026-06-17T15:18:00 | INFO     | s1.build | [OK] #16 Cognitive Psychology A Student’s Handbook.pdf (chunk 16) | 7,135 tokens | cumulative 113,495
2026-06-17T15:18:13 | INFO     | s1.build | [OK] #17 Cognitive Psychology A Student’s Handbook.pdf (chunk 17) | 8,655 tokens | cumulative 122,150
2026-06-17T15:18:28 | INFO     | s1.build | [OK] #18 Cognitive Psychology A Student’s Handbook.pdf (chunk 18) | 6,902 tokens | cumulative 129,052
2026-06-17T15:18:42 | INFO     | s1.build | [OK] #19 Cognitive Psychology A Student’s Handbook.pdf (chunk 19) | 8,159 tokens | cumulative 137,211
2026-06-17T15:18:55 | INFO     | s1.build | [OK] #20 Cognitive Psychology A Student’s Handbook.pdf (chunk 20) | 7,162 tokens | cumulative 144,373
2026-06-17T15:19:11 | INFO     | s1.build | [OK] #21 Cognitive Psychology A Student’s Handbook.pdf (chunk 21) | 5,857 tokens | cumulative 150,230
2026-06-17T15:19:24 | INFO     | s1.build | [OK] #22 Cognitive Psychology A Student’s Handbook.pdf (chunk 22) | 7,253 tokens | cumulative 157,483
2026-06-17T15:19:39 | INFO     | s1.build | [OK] #23 Cognitive Psychology A Student’s Handbook.pdf (chunk 23) | 7,845 tokens | cumulative 165,328
2026-06-17T15:19:53 | INFO     | s1.build | [OK] #24 Cognitive Psychology A Student’s Handbook.pdf (chunk 24) | 5,007 tokens | cumulative 170,335
2026-06-17T15:20:07 | INFO     | s1.build | [OK] #25 Cognitive Psychology A Student’s Handbook.pdf (chunk 25) | 7,949 tokens | cumulative 178,284
2026-06-17T15:20:19 | INFO     | s1.build | [OK] #26 Cognitive Psychology A Student’s Handbook.pdf (chunk 26) | 10,126 tokens | cumulative 188,410
2026-06-17T15:20:37 | INFO     | s1.build | [OK] #27 Cognitive Psychology A Student’s Handbook.pdf (chunk 27) | 8,725 tokens | cumulative 197,135
2026-06-17T15:20:53 | INFO     | s1.build | [OK] #28 Cognitive Psychology A Student’s Handbook.pdf (chunk 28) | 7,450 tokens | cumulative 204,585
2026-06-17T15:21:08 | INFO     | s1.build | [OK] #29 Cognitive Psychology A Student’s Handbook.pdf (chunk 29) | 6,721 tokens | cumulative 211,306
2026-06-17T15:21:22 | INFO     | s1.build | [OK] #30 Cognitive Psychology A Student’s Handbook.pdf (chunk 30) | 6,568 tokens | cumulative 217,874
2026-06-17T15:21:30 | INFO     | s1.build | [OK] #31 Cognitive Psychology A Student’s Handbook.pdf (chunk 31) | 7,405 tokens | cumulative 225,279
2026-06-17T15:21:37 | INFO     | s1.build | [OK] #32 Cognitive Psychology A Student’s Handbook.pdf (chunk 32) | 6,492 tokens | cumulative 231,771
2026-06-17T15:21:46 | INFO     | s1.build | [OK] #33 Cognitive Psychology A Student’s Handbook.pdf (chunk 33) | 8,301 tokens | cumulative 240,072
2026-06-17T15:21:54 | INFO     | s1.build | [OK] #34 Cognitive Psychology A Student’s Handbook.pdf (chunk 34) | 7,844 tokens | cumulative 247,916
2026-06-17T15:22:02 | INFO     | s1.build | [OK] #35 Cognitive Psychology A Student’s Handbook.pdf (chunk 35) | 9,097 tokens | cumulative 257,013
2026-06-17T15:22:10 | INFO     | s1.build | [OK] #36 Cognitive Psychology A Student’s Handbook.pdf (chunk 36) | 7,233 tokens | cumulative 264,246
2026-06-17T15:22:18 | INFO     | s1.build | [OK] #37 Cognitive Psychology A Student’s Handbook.pdf (chunk 37) | 8,340 tokens | cumulative 272,586
2026-06-17T15:22:27 | INFO     | s1.build | [OK] #38 Cognitive Psychology A Student’s Handbook.pdf (chunk 38) | 8,031 tokens | cumulative 280,617
2026-06-17T15:22:36 | INFO     | s1.build | [OK] #39 Cognitive Psychology A Student’s Handbook.pdf (chunk 39) | 6,721 tokens | cumulative 287,338
2026-06-17T15:22:44 | INFO     | s1.build | [OK] #40 Cognitive Psychology A Student’s Handbook.pdf (chunk 40) | 8,187 tokens | cumulative 295,525
2026-06-17T15:22:53 | INFO     | s1.build | [OK] #41 Cognitive Psychology A Student’s Handbook.pdf (chunk 41) | 7,759 tokens | cumulative 303,284
2026-06-17T15:23:01 | INFO     | s1.build | [OK] #42 Cognitive Psychology A Student’s Handbook.pdf (chunk 42) | 9,270 tokens | cumulative 312,554
2026-06-17T15:23:09 | INFO     | s1.build | [OK] #43 Cognitive Psychology A Student’s Handbook.pdf (chunk 43) | 7,337 tokens | cumulative 319,891
2026-06-17T15:23:18 | INFO     | s1.build | [OK] #44 Cognitive Psychology A Student’s Handbook.pdf (chunk 44) | 8,295 tokens | cumulative 328,186
2026-06-17T15:23:27 | INFO     | s1.build | [OK] #45 Cognitive Psychology A Student’s Handbook.pdf (chunk 45) | 8,370 tokens | cumulative 336,556
2026-06-17T15:23:35 | INFO     | s1.build | [OK] #46 Cognitive Psychology A Student’s Handbook.pdf (chunk 46) | 5,040 tokens | cumulative 341,596
2026-06-17T15:23:42 | INFO     | s1.build | [OK] #47 Cognitive Psychology A Student’s Handbook.pdf (chunk 47) | 5,075 tokens | cumulative 346,671
2026-06-17T15:23:51 | INFO     | s1.build | [OK] #48 Cognitive Psychology A Student’s Handbook.pdf (chunk 48) | 7,445 tokens | cumulative 354,116
2026-06-17T15:23:59 | INFO     | s1.build | [OK] #49 Cognitive Psychology A Student’s Handbook.pdf (chunk 49) | 6,756 tokens | cumulative 360,872
2026-06-17T15:24:08 | INFO     | s1.build | [OK] #50 Cognitive Psychology A Student’s Handbook.pdf (chunk 50) | 8,241 tokens | cumulative 369,113
2026-06-17T15:24:17 | INFO     | s1.build | [OK] #51 Cognitive Psychology A Student’s Handbook.pdf (chunk 51) | 10,241 tokens | cumulative 379,354
2026-06-17T15:24:26 | INFO     | s1.build | [OK] #52 Cognitive Psychology A Student’s Handbook.pdf (chunk 52) | 7,973 tokens | cumulative 387,327
2026-06-17T15:24:34 | INFO     | s1.build | [OK] #53 Cognitive Psychology A Student’s Handbook.pdf (chunk 53) | 8,403 tokens | cumulative 395,730
2026-06-17T15:24:43 | INFO     | s1.build | [OK] #54 Cognitive Psychology A Student’s Handbook.pdf (chunk 54) | 7,784 tokens | cumulative 403,514
2026-06-17T15:24:51 | INFO     | s1.build | [OK] #55 Cognitive Psychology A Student’s Handbook.pdf (chunk 55) | 7,028 tokens | cumulative 410,542
2026-06-17T15:24:59 | INFO     | s1.build | [OK] #56 Cognitive Psychology A Student’s Handbook.pdf (chunk 56) | 5,888 tokens | cumulative 416,430
2026-06-17T15:25:07 | INFO     | s1.build | [OK] #57 Cognitive Psychology A Student’s Handbook.pdf (chunk 57) | 6,860 tokens | cumulative 423,290
2026-06-17T15:25:16 | INFO     | s1.build | [OK] #58 Cognitive Psychology A Student’s Handbook.pdf (chunk 58) | 6,177 tokens | cumulative 429,467
2026-06-17T15:25:25 | INFO     | s1.build | [OK] #59 Cognitive Psychology A Student’s Handbook.pdf (chunk 59) | 8,350 tokens | cumulative 437,817
2026-06-17T15:25:34 | INFO     | s1.build | [OK] #60 Cognitive Psychology A Student’s Handbook.pdf (chunk 60) | 7,064 tokens | cumulative 444,881
2026-06-17T15:25:43 | INFO     | s1.build | [OK] #61 Cognitive Psychology A Student’s Handbook.pdf (chunk 61) | 7,474 tokens | cumulative 452,355
2026-06-17T15:25:52 | INFO     | s1.build | [OK] #62 Cognitive Psychology A Student’s Handbook.pdf (chunk 62) | 8,439 tokens | cumulative 460,794
2026-06-17T15:25:59 | INFO     | s1.build | [OK] #63 Cognitive Psychology A Student’s Handbook.pdf (chunk 63) | 4,462 tokens | cumulative 465,256
2026-06-17T15:26:08 | INFO     | s1.build | [OK] #64 Cognitive Psychology A Student’s Handbook.pdf (chunk 64) | 7,235 tokens | cumulative 472,491
2026-06-17T15:26:16 | INFO     | s1.build | [OK] #65 Cognitive Psychology A Student’s Handbook.pdf (chunk 65) | 7,824 tokens | cumulative 480,315
2026-06-17T15:26:49 | INFO     | s1.build | [OK] #66 Cognitive Psychology A Student’s Handbook.pdf (chunk 66) | 42,418 tokens | cumulative 522,733
2026-06-17T15:27:20 | INFO     | s1.build | [OK] #67 Cognitive Psychology A Student’s Handbook.pdf (chunk 67) | 44,647 tokens | cumulative 567,380
2026-06-17T15:27:46 | INFO     | s1.build | [OK] #68 Cognitive Psychology A Student’s Handbook.pdf (chunk 68) | 44,215 tokens | cumulative 611,595
2026-06-17T15:28:00 | INFO     | s1.build | [OK] #69 Cognitive Psychology A Student’s Handbook.pdf (chunk 69) | 11,710 tokens | cumulative 623,305
2026-06-17T15:28:16 | INFO     | s1.build | [OK] #70 Cognitive Psychology A Student’s Handbook.pdf (chunk 70) | 9,633 tokens | cumulative 632,938
2026-06-17T15:28:31 | INFO     | s1.build | [OK] #71 Cognitive Psychology A Student’s Handbook.pdf (chunk 71) | 14,615 tokens | cumulative 647,553
2026-06-17T15:28:38 | INFO     | s1.build | [OK] #72 Cognitive Psychology A Student’s Handbook.pdf (chunk 72) | 4,853 tokens | cumulative 652,406
2026-06-17T15:28:50 | INFO     | s1.build | [OK] #73 Mind Introduction to Cognitive Science, 2nd Edition.pdf (chunk 0) | 1,413 tokens | cumulative 653,819
2026-06-17T15:29:05 | INFO     | s1.build | [OK] #74 Mind Introduction to Cognitive Science, 2nd Edition.pdf (chunk 1) | 2,618 tokens | cumulative 656,437
2026-06-17T15:29:20 | INFO     | s1.build | [OK] #75 Mind Introduction to Cognitive Science, 2nd Edition.pdf (chunk 2) | 4,103 tokens | cumulative 660,540
2026-06-17T15:29:29 | INFO     | s1.build | [OK] #76 Mind Introduction to Cognitive Science, 2nd Edition.pdf (chunk 3) | 3,923 tokens | cumulative 664,463
2026-06-17T15:29:35 | INFO     | s1.build | [OK] #77 Mind Introduction to Cognitive Science, 2nd Edition.pdf (chunk 4) | 4,702 tokens | cumulative 669,165
2026-06-17T15:29:41 | INFO     | s1.build | [OK] #78 Mind Introduction to Cognitive Science, 2nd Edition.pdf (chunk 5) | 4,490 tokens | cumulative 673,655
2026-06-17T15:29:47 | INFO     | s1.build | [OK] #79 Mind Introduction to Cognitive Science, 2nd Edition.pdf (chunk 6) | 4,622 tokens | cumulative 678,277
2026-06-17T15:29:54 | INFO     | s1.build | [OK] #80 Mind Introduction to Cognitive Science, 2nd Edition.pdf (chunk 7) | 3,952 tokens | cumulative 682,229
2026-06-17T15:30:00 | INFO     | s1.build | [OK] #81 Mind Introduction to Cognitive Science, 2nd Edition.pdf (chunk 8) | 4,427 tokens | cumulative 686,656
2026-06-17T15:30:07 | INFO     | s1.build | [OK] #82 Mind Introduction to Cognitive Science, 2nd Edition.pdf (chunk 9) | 4,003 tokens | cumulative 690,659
2026-06-17T15:30:13 | INFO     | s1.build | [OK] #83 Mind Introduction to Cognitive Science, 2nd Edition.pdf (chunk 10) | 4,473 tokens | cumulative 695,132
2026-06-17T15:30:20 | INFO     | s1.build | [OK] #84 Mind Introduction to Cognitive Science, 2nd Edition.pdf (chunk 11) | 3,583 tokens | cumulative 698,715
2026-06-17T15:30:27 | INFO     | s1.build | [OK] #85 Mind Introduction to Cognitive Science, 2nd Edition.pdf (chunk 12) | 3,910 tokens | cumulative 702,625
2026-06-17T15:30:33 | INFO     | s1.build | [OK] #86 Mind Introduction to Cognitive Science, 2nd Edition.pdf (chunk 13) | 3,226 tokens | cumulative 705,851
2026-06-17T15:30:40 | INFO     | s1.build | [OK] #87 Mind Introduction to Cognitive Science, 2nd Edition.pdf (chunk 14) | 3,533 tokens | cumulative 709,384
2026-06-17T15:30:47 | INFO     | s1.build | [OK] #88 Mind Introduction to Cognitive Science, 2nd Edition.pdf (chunk 15) | 3,163 tokens | cumulative 712,547
2026-06-17T15:30:53 | INFO     | s1.build | [OK] #89 Mind Introduction to Cognitive Science, 2nd Edition.pdf (chunk 16) | 3,487 tokens | cumulative 716,034
2026-06-17T15:31:00 | INFO     | s1.build | [OK] #90 Mind Introduction to Cognitive Science, 2nd Edition.pdf (chunk 17) | 2,723 tokens | cumulative 718,757
2026-06-17T15:31:06 | INFO     | s1.build | [OK] #91 Mind Introduction to Cognitive Science, 2nd Edition.pdf (chunk 18) | 4,028 tokens | cumulative 722,785
2026-06-17T15:31:13 | INFO     | s1.build | [OK] #92 Mind Introduction to Cognitive Science, 2nd Edition.pdf (chunk 19) | 3,799 tokens | cumulative 726,584
2026-06-17T15:31:20 | INFO     | s1.build | [OK] #93 Mind Introduction to Cognitive Science, 2nd Edition.pdf (chunk 20) | 3,947 tokens | cumulative 730,531
2026-06-17T15:31:26 | INFO     | s1.build | [OK] #94 Mind Introduction to Cognitive Science, 2nd Edition.pdf (chunk 21) | 4,662 tokens | cumulative 735,193
2026-06-17T15:31:33 | INFO     | s1.build | [OK] #95 Mind Introduction to Cognitive Science, 2nd Edition.pdf (chunk 22) | 3,556 tokens | cumulative 738,749
2026-06-17T15:31:39 | INFO     | s1.build | [OK] #96 Mind Introduction to Cognitive Science, 2nd Edition.pdf (chunk 23) | 4,388 tokens | cumulative 743,137
2026-06-17T15:31:46 | INFO     | s1.build | [OK] #97 Mind Introduction to Cognitive Science, 2nd Edition.pdf (chunk 24) | 4,114 tokens | cumulative 747,251
2026-06-17T15:31:53 | INFO     | s1.build | [OK] #98 Mind Introduction to Cognitive Science, 2nd Edition.pdf (chunk 25) | 3,471 tokens | cumulative 750,722
2026-06-17T15:31:59 | INFO     | s1.build | [OK] #99 Mind Introduction to Cognitive Science, 2nd Edition.pdf (chunk 26) | 2,446 tokens | cumulative 753,168
2026-06-17T15:32:06 | INFO     | s1.build | [OK] #100 Mind Introduction to Cognitive Science, 2nd Edition.pdf (chunk 27) | 4,783 tokens | cumulative 757,951
2026-06-17T15:32:13 | INFO     | s1.build | [OK] #101 Mind Introduction to Cognitive Science, 2nd Edition.pdf (chunk 28) | 6,549 tokens | cumulative 764,500
2026-06-17T15:32:20 | INFO     | s1.build | [OK] #102 Mind Introduction to Cognitive Science, 2nd Edition.pdf (chunk 29) | 6,421 tokens | cumulative 770,921
2026-06-17T15:32:26 | INFO     | s1.build | [OK] #103 Mind Introduction to Cognitive Science, 2nd Edition.pdf (chunk 30) | 6,780 tokens | cumulative 777,701
2026-06-17T15:32:33 | INFO     | s1.build | [OK] #104 Philosophy of Mind - A Contemporary Introduction.pdf (chunk 0) | 2,516 tokens | cumulative 780,217
2026-06-17T15:32:39 | INFO     | s1.build | [OK] #105 Philosophy of Mind - A Contemporary Introduction.pdf (chunk 1) | 4,324 tokens | cumulative 784,541
2026-06-17T15:32:46 | INFO     | s1.build | [OK] #106 Philosophy of Mind - A Contemporary Introduction.pdf (chunk 2) | 4,557 tokens | cumulative 789,098
2026-06-17T15:32:52 | INFO     | s1.build | [OK] #107 Philosophy of Mind - A Contemporary Introduction.pdf (chunk 3) | 6,361 tokens | cumulative 795,459
2026-06-17T15:32:59 | INFO     | s1.build | [OK] #108 Philosophy of Mind - A Contemporary Introduction.pdf (chunk 4) | 5,998 tokens | cumulative 801,457
2026-06-17T15:33:06 | INFO     | s1.build | [OK] #109 Philosophy of Mind - A Contemporary Introduction.pdf (chunk 5) | 6,339 tokens | cumulative 807,796
2026-06-17T15:33:13 | INFO     | s1.build | [OK] #110 Philosophy of Mind - A Contemporary Introduction.pdf (chunk 6) | 5,220 tokens | cumulative 813,016
2026-06-17T15:33:19 | INFO     | s1.build | [OK] #111 Philosophy of Mind - A Contemporary Introduction.pdf (chunk 7) | 6,633 tokens | cumulative 819,649
2026-06-17T15:33:26 | INFO     | s1.build | [OK] #112 Philosophy of Mind - A Contemporary Introduction.pdf (chunk 8) | 6,049 tokens | cumulative 825,698
2026-06-17T15:33:33 | INFO     | s1.build | [OK] #113 Philosophy of Mind - A Contemporary Introduction.pdf (chunk 9) | 6,619 tokens | cumulative 832,317
2026-06-17T15:33:40 | INFO     | s1.build | [OK] #114 Philosophy of Mind - A Contemporary Introduction.pdf (chunk 10) | 6,437 tokens | cumulative 838,754
2026-06-17T15:33:46 | INFO     | s1.build | [OK] #115 Philosophy of Mind - A Contemporary Introduction.pdf (chunk 11) | 6,319 tokens | cumulative 845,073
2026-06-17T15:33:53 | INFO     | s1.build | [OK] #116 Philosophy of Mind - A Contemporary Introduction.pdf (chunk 12) | 6,295 tokens | cumulative 851,368
2026-06-17T15:34:00 | INFO     | s1.build | [OK] #117 Philosophy of Mind - A Contemporary Introduction.pdf (chunk 13) | 6,003 tokens | cumulative 857,371
2026-06-17T15:34:06 | INFO     | s1.build | [OK] #118 Philosophy of Mind - A Contemporary Introduction.pdf (chunk 14) | 5,467 tokens | cumulative 862,838
2026-06-17T15:34:13 | INFO     | s1.build | [OK] #119 Philosophy of Mind - A Contemporary Introduction.pdf (chunk 15) | 6,391 tokens | cumulative 869,229
2026-06-17T15:34:20 | INFO     | s1.build | [OK] #120 Philosophy of Mind - A Contemporary Introduction.pdf (chunk 16) | 6,076 tokens | cumulative 875,305
2026-06-17T15:34:26 | INFO     | s1.build | [OK] #121 Philosophy of Mind - A Contemporary Introduction.pdf (chunk 17) | 6,438 tokens | cumulative 881,743
2026-06-17T15:34:33 | INFO     | s1.build | [OK] #122 Philosophy of Mind - A Contemporary Introduction.pdf (chunk 18) | 6,358 tokens | cumulative 888,101
2026-06-17T15:34:40 | INFO     | s1.build | [OK] #123 Philosophy of Mind - A Contemporary Introduction.pdf (chunk 19) | 6,293 tokens | cumulative 894,394
2026-06-17T15:34:47 | INFO     | s1.build | [OK] #124 Philosophy of Mind - A Contemporary Introduction.pdf (chunk 20) | 6,671 tokens | cumulative 901,065
2026-06-17T15:34:54 | INFO     | s1.build | [OK] #125 Philosophy of Mind - A Contemporary Introduction.pdf (chunk 21) | 6,567 tokens | cumulative 907,632
2026-06-17T15:35:01 | INFO     | s1.build | [OK] #126 Philosophy of Mind - A Contemporary Introduction.pdf (chunk 22) | 6,005 tokens | cumulative 913,637
2026-06-17T15:35:08 | INFO     | s1.build | [OK] #127 Philosophy of Mind - A Contemporary Introduction.pdf (chunk 23) | 5,988 tokens | cumulative 919,625
2026-06-17T15:35:14 | INFO     | s1.build | [OK] #128 Philosophy of Mind - A Contemporary Introduction.pdf (chunk 24) | 6,329 tokens | cumulative 925,954
2026-06-17T15:35:21 | INFO     | s1.build | [OK] #129 Philosophy of Mind - A Contemporary Introduction.pdf (chunk 25) | 6,552 tokens | cumulative 932,506
2026-06-17T15:35:28 | INFO     | s1.build | [OK] #130 Philosophy of Mind - A Contemporary Introduction.pdf (chunk 26) | 6,325 tokens | cumulative 938,831
2026-06-17T15:35:34 | INFO     | s1.build | [OK] #131 Philosophy of Mind - A Contemporary Introduction.pdf (chunk 27) | 6,287 tokens | cumulative 945,118
2026-06-17T15:35:41 | INFO     | s1.build | [OK] #132 Philosophy of Mind - A Contemporary Introduction.pdf (chunk 28) | 6,517 tokens | cumulative 951,635
2026-06-17T15:35:47 | INFO     | s1.build | [OK] #133 Philosophy of Mind - A Contemporary Introduction.pdf (chunk 29) | 7,293 tokens | cumulative 958,928
2026-06-17T15:35:54 | INFO     | s1.build | [OK] #134 Philosophy of Mind - A Contemporary Introduction.pdf (chunk 30) | 10,312 tokens | cumulative 969,240
2026-06-17T15:36:01 | INFO     | s1.build | [OK] #135 Philosophy of Mind - A Contemporary Introduction.pdf (chunk 31) | 12,668 tokens | cumulative 981,908
2026-06-17T15:36:08 | INFO     | s1.build | [OK] #136 The Recursive Mind.pdf (chunk 0) | 1,616 tokens | cumulative 983,524
2026-06-17T15:36:15 | INFO     | s1.build | [OK] #137 The Recursive Mind.pdf (chunk 1) | 2,707 tokens | cumulative 986,231
2026-06-17T15:36:22 | INFO     | s1.build | [OK] #138 The Recursive Mind.pdf (chunk 2) | 3,959 tokens | cumulative 990,190
2026-06-17T15:36:28 | INFO     | s1.build | [OK] #139 The Recursive Mind.pdf (chunk 3) | 3,454 tokens | cumulative 993,644
2026-06-17T15:36:35 | INFO     | s1.build | [OK] #140 The Recursive Mind.pdf (chunk 4) | 4,248 tokens | cumulative 997,892
2026-06-17T15:36:41 | INFO     | s1.build | [OK] #141 The Recursive Mind.pdf (chunk 5) | 4,377 tokens | cumulative 1,002,269
2026-06-17T15:36:48 | INFO     | s1.build | [OK] #142 The Recursive Mind.pdf (chunk 6) | 4,837 tokens | cumulative 1,007,106
2026-06-17T15:36:55 | INFO     | s1.build | [OK] #143 The Recursive Mind.pdf (chunk 7) | 3,870 tokens | cumulative 1,010,976
2026-06-17T15:37:02 | INFO     | s1.build | [OK] #144 The Recursive Mind.pdf (chunk 8) | 4,365 tokens | cumulative 1,015,341
2026-06-17T15:37:09 | INFO     | s1.build | [OK] #145 The Recursive Mind.pdf (chunk 9) | 4,507 tokens | cumulative 1,019,848
2026-06-17T15:37:15 | INFO     | s1.build | [OK] #146 The Recursive Mind.pdf (chunk 10) | 3,177 tokens | cumulative 1,023,025
2026-06-17T15:37:22 | INFO     | s1.build | [OK] #147 The Recursive Mind.pdf (chunk 11) | 4,492 tokens | cumulative 1,027,517
2026-06-17T15:37:28 | INFO     | s1.build | [OK] #148 The Recursive Mind.pdf (chunk 12) | 4,097 tokens | cumulative 1,031,614
2026-06-17T15:37:35 | INFO     | s1.build | [OK] #149 The Recursive Mind.pdf (chunk 13) | 4,276 tokens | cumulative 1,035,890
2026-06-17T15:37:41 | INFO     | s1.build | [OK] #150 The Recursive Mind.pdf (chunk 14) | 4,193 tokens | cumulative 1,040,083
2026-06-17T15:37:48 | INFO     | s1.build | [OK] #151 The Recursive Mind.pdf (chunk 15) | 3,904 tokens | cumulative 1,043,987
2026-06-17T15:37:55 | INFO     | s1.build | [OK] #152 The Recursive Mind.pdf (chunk 16) | 3,527 tokens | cumulative 1,047,514
2026-06-17T15:38:02 | INFO     | s1.build | [OK] #153 The Recursive Mind.pdf (chunk 17) | 4,588 tokens | cumulative 1,052,102
2026-06-17T15:38:08 | INFO     | s1.build | [OK] #154 The Recursive Mind.pdf (chunk 18) | 4,517 tokens | cumulative 1,056,619
2026-06-17T15:38:15 | INFO     | s1.build | [OK] #155 The Recursive Mind.pdf (chunk 19) | 4,304 tokens | cumulative 1,060,923
2026-06-17T15:38:22 | INFO     | s1.build | [OK] #156 The Recursive Mind.pdf (chunk 20) | 2,867 tokens | cumulative 1,063,790
2026-06-17T15:38:28 | INFO     | s1.build | [OK] #157 The Recursive Mind.pdf (chunk 21) | 4,208 tokens | cumulative 1,067,998
2026-06-17T15:38:35 | INFO     | s1.build | [OK] #158 The Recursive Mind.pdf (chunk 22) | 4,349 tokens | cumulative 1,072,347
2026-06-17T15:38:42 | INFO     | s1.build | [OK] #159 The Recursive Mind.pdf (chunk 23) | 4,707 tokens | cumulative 1,077,054
2026-06-17T15:38:48 | INFO     | s1.build | [OK] #160 The Recursive Mind.pdf (chunk 24) | 3,608 tokens | cumulative 1,080,662
2026-06-17T15:38:55 | INFO     | s1.build | [OK] #161 The Recursive Mind.pdf (chunk 25) | 3,919 tokens | cumulative 1,084,581
2026-06-17T15:39:02 | INFO     | s1.build | [OK] #162 The Recursive Mind.pdf (chunk 26) | 4,091 tokens | cumulative 1,088,672
2026-06-17T15:39:08 | INFO     | s1.build | [OK] #163 The Recursive Mind.pdf (chunk 27) | 6,094 tokens | cumulative 1,094,766
2026-06-17T15:39:15 | INFO     | s1.build | [OK] #164 The Recursive Mind.pdf (chunk 28) | 6,396 tokens | cumulative 1,101,162
2026-06-17T15:39:22 | INFO     | s1.build | [OK] #165 The Recursive Mind.pdf (chunk 29) | 6,504 tokens | cumulative 1,107,666
2026-06-17T15:39:28 | INFO     | s1.build | [OK] #166 The Recursive Mind.pdf (chunk 30) | 8,357 tokens | cumulative 1,116,023
2026-06-17T15:39:35 | INFO     | s1.build | [OK] #167 The Recursive Mind.pdf (chunk 31) | 8,355 tokens | cumulative 1,124,378
2026-06-17T15:39:42 | INFO     | s1.build | [OK] #168 The Recursive Mind.pdf (chunk 32) | 7,288 tokens | cumulative 1,131,666
2026-06-17T15:39:49 | INFO     | s1.build | [OK] #169 The Recursive Mind.pdf (chunk 33) | 9,768 tokens | cumulative 1,141,434
2026-06-17T15:39:51 | INFO     | s1.build | [OK] #170 The Recursive Mind.pdf (chunk 34) | 1,179 tokens | cumulative 1,142,613
2026-06-17T15:39:52 | INFO     | s1.build | [DONE] Docling - 171 chunks from documents, 1,142,613 tokens -> E:\Projects\CND\Semantics\data\dapt\domain_dapt_corpus.jsonl
