
Function                                          Calls       Total         Avg   % parent  Source
────────────────────────────────────────────────────────────────────────────────────────────────────
run_dapt_pipeline                                      1  8045144.2ms                100.0%  [dapt.py]
  └─ _run_dapt_pipeline_impl                           1  8045141.2ms                100.0%  [dapt.py]
    └─ _train_step                                  3644  7608079.3ms    2087.8ms     94.6%  [dapt.py]
      └─ _train_step_impl                           3644  7600240.7ms    2085.7ms     99.9%  [dapt.py]
    └─ handle_evaluation_cycle                         3  206268.9ms   68756.3ms      2.6%  [training_helpers.py]
      └─ run_all_probes                                3  205943.2ms   68647.7ms     99.8%  [eval_runner.py]
        └─ eval_perplexity                             3   76761.8ms   25587.3ms     37.3%  [perplexity_probe.py]
        └─ eval_qa_accuracy                            3   61878.7ms   20626.2ms     30.0%  [qa_probe.py]
          └─ score_choices_by_logprob                  6   61678.0ms   10279.7ms     99.7%  [qa_probe.py]
            └─ run_forward                            12   54652.8ms    4554.4ms     88.6%  [qa_probe.py]
        └─ eval_concept_precision                      3   46294.6ms   15431.5ms     22.5%  [concept_probe.py]
          └─ generate_responses_batch                  3   26817.9ms    8939.3ms     57.9%  [concept_probe.py]
          └─ compute_bertscore_batch                   3   19250.6ms    6416.9ms     41.6%  [concept_probe.py]
            └─ get_bertscorer                          3   15103.6ms    5034.5ms     78.5%  [concept_probe.py]
              └─ patched_from_pretrained               3    2897.1ms     965.7ms     19.2%  [concept_probe.py]
        └─ eval_cloze_coverage                         3   19189.2ms    6396.4ms      9.3%  [cloze_probe.py]
          └─ generate_topk_completions_batch           3   18741.2ms    6247.1ms     97.7%  [cloze_probe.py]
          └─ term_found_in_completions               396     258.6ms       0.7ms      1.3%  [cloze_probe.py]
            └─ clean_for_match                      1407     206.0ms       0.1ms     79.6%  [utils.py]
    └─ _handle_final_check                             1  124253.9ms                  1.5%  [dapt.py]
      └─ run_final_eval                                1   73060.8ms                 58.8%  [training_helpers.py]
        └─ run_all_probes                              1   71743.4ms                 98.2%  [eval_runner.py]
          └─ eval_perplexity                           1   25601.1ms                 35.7%  [perplexity_probe.py]
          └─ eval_qa_accuracy                          1   20716.6ms                 28.9%  [qa_probe.py]
            └─ score_choices_by_logprob                2   20622.4ms   10311.2ms     99.5%  [qa_probe.py]
              └─ run_forward                           4   14540.8ms    3635.2ms     70.5%  [qa_probe.py]
          └─ eval_concept_precision                    1   18013.7ms                 25.1%  [concept_probe.py]
            └─ generate_responses_batch                1    9042.0ms                 50.2%  [concept_probe.py]
            └─ compute_bertscore_batch                 1    8883.6ms                 49.3%  [concept_probe.py]
              └─ get_bertscorer                        1    7566.6ms                 85.2%  [concept_probe.py]
                └─ patched_from_pretrained             1     878.4ms                 11.6%  [concept_probe.py]
          └─ eval_cloze_coverage                       1    6850.0ms                  9.5%  [cloze_probe.py]
            └─ generate_topk_completions_batch         1    6332.6ms                 92.4%  [cloze_probe.py]
            └─ term_found_in_completions             132     454.4ms       3.4ms      6.6%  [cloze_probe.py]
              └─ clean_for_match                     469      83.0ms       0.2ms     18.3%  [utils.py]
        └─ select_best_checkpoint                      1     831.2ms                  1.1%  [checkpoint.py]
          └─ save_json                                 1     826.3ms                 99.4%  [logger.py]
      └─ handle_evaluation_cycle                       1   46108.8ms                 37.1%  [training_helpers.py]
        └─ run_all_probes                              1   46071.4ms                 99.9%  [eval_runner.py]
          └─ eval_perplexity                           1   25641.6ms                 55.7%  [perplexity_probe.py]
          └─ eval_qa_accuracy                          1   20386.1ms                 44.2%  [qa_probe.py]
            └─ score_choices_by_logprob                2   20330.9ms   10165.5ms     99.7%  [qa_probe.py]
              └─ run_forward                           4   17963.5ms    4490.9ms     88.4%  [qa_probe.py]
    └─ _run_baseline_eval                              1   80506.0ms                  1.0%  [dapt.py]
      └─ run_all_probes                                1   80501.6ms                100.0%  [eval_runner.py]
        └─ eval_perplexity                             1   26510.2ms                 32.9%  [perplexity_probe.py]
          └─ load_ppl_corpus                           1    4106.5ms                 15.5%  [perplexity_probe.py]
        └─ eval_concept_precision                      1   26346.9ms                 32.7%  [concept_probe.py]
          └─ compute_bertscore_batch                   1   15172.9ms                 57.6%  [concept_probe.py]
            └─ get_bertscorer                          1   13915.9ms                 91.7%  [concept_probe.py]
              └─ patched_from_pretrained               1    1717.4ms                 12.3%  [concept_probe.py]
          └─ generate_responses_batch                  1   10271.7ms                 39.0%  [concept_probe.py]
        └─ eval_qa_accuracy                            1   20700.0ms                 25.7%  [qa_probe.py]
          └─ score_choices_by_logprob                  2   20246.5ms   10123.3ms     97.8%  [qa_probe.py]
            └─ run_forward                             4   17663.6ms    4415.9ms     87.2%  [qa_probe.py]
          └─ load_qa_items                             1     413.6ms                  2.0%  [qa_probe.py]
        └─ eval_cloze_coverage                         1    6450.4ms                  8.0%  [cloze_probe.py]
          └─ generate_topk_completions_batch           1    5865.4ms                 90.9%  [cloze_probe.py]
          └─ term_found_in_completions               132     236.2ms       1.8ms      3.7%  [cloze_probe.py]
            └─ clean_for_match                       470      42.5ms       0.1ms     18.0%  [utils.py]
